<html>
<body>
<pre>
<h1>µVision Build Log</h1>
<h2>Tool Versions:</h2>
IDE-Version: µVision V5.40.0.0
Copyright (C) 2024 ARM Ltd and ARM Germany GmbH. All rights reserved.
License Information: Kaden Downes, Purdue University Fort Wayne, LIC=----
 
Tool Versions:
Toolchain:       MDK-Lite  Version: 5.40.0.3
Toolchain Path:  C:\Users\zaete\AppData\Local\Keil_v5\ARM\ARM_Compiler_5.06u7\Bin
C Compiler:      Armcc.exe V5.06 update 7 (build 960)
Assembler:       Armasm.exe V5.06 update 7 (build 960)
Linker/Locator:  ArmLink.exe V5.06 update 7 (build 960)
Library Manager: ArmAr.exe V5.06 update 7 (build 960)
Hex Converter:   FromElf.exe V5.06 update 7 (build 960)
CPU DLL:         SARMCM3.DLL V5.40.0.3
Dialog DLL:      DCM.DLL V1.17.5.0
Target DLL:      lmidk-agdi.dll V???
Dialog DLL:      TCM.DLL V1.56.4.0
 
<h2>Project:</h2>
C:\Users\zaete\OneDrive - purdue.edu\7 - 2025 Fall\RTOS\Lab\lab02c_downka05\lab02c_project_directory\freertos_demo.uvprojx
Project File Date:  11/12/2025

<h2>Output:</h2>
*** Using Compiler 'V5.06 update 7 (build 960)', folder: 'C:\Users\zaete\AppData\Local\Keil_v5\ARM\ARM_Compiler_5.06u7\Bin'
Build target 'freertos_demo'
compiling pwm_task.c...
compiling adc_task.c...
linking...
Program Size: Code=15016 RO-data=1656 RW-data=1644 ZI-data=31052  
After Build - User command #1: fromelf --bin --output .\rvmdk\freertos_demo.bin .\rvmdk\freertos_demo.axf
".\rvmdk\freertos_demo.axf" - 0 Error(s), 0 Warning(s).

<h2>Software Packages used:</h2>

Package Vendor: ARM
                https://www.keil.com/pack/ARM.CMSIS.6.1.0.pack
                ARM::CMSIS@6.1.0
                CMSIS (Common Microcontroller Software Interface Standard)
   * Component: CORE Version: 6.1.0

Package Vendor: Keil
                http://www.keil.com/pack/Keil.TM4C_DFP.1.1.0.pack
                Keil::TM4C_DFP@1.1.0
                Texas Instruments Tiva C Series Device Support and Examples

<h2>Collection of Component include folders:</h2>
  ./RTE/_freertos_demo
  C:/Users/zaete/AppData/Local/Arm/Packs/ARM/CMSIS/6.1.0/CMSIS/Core/Include
  C:/Users/zaete/AppData/Local/Arm/Packs/Keil/TM4C_DFP/1.1.0/Device/Include/TM4C123

<h2>Collection of Component Files used:</h2>

   * Component: ARM::CMSIS:CORE@6.1.0
Build Time Elapsed:  00:00:00
</pre>
</body>
</html>
