<!doctype html public "-//w3c//dtd html 4.0 transitional//en">
<html><head>
<title>Static Call Graph - [.\rvmdk\freertos_demo.axf]</title></head>
<body><HR>
<H1>Static Call Graph for image .\rvmdk\freertos_demo.axf</H1><HR>
<BR><P>#&#060CALLGRAPH&#062# ARM Linker, 5060960: Last Updated: Thu Sep 18 15:04:16 2025
<BR><P>
<H3>Maximum Stack Usage =        208 bytes + Unknown(Functions without stacksize, Cycles, Untraceable Function Pointers)</H3><H3>
Call chain for Maximum Stack Depth:</H3>
main &rArr; matchPoints &rArr; UARTprintf &rArr; UARTvprintf &rArr; UARTwrite
<P>
<H3>
Functions with no stack information
</H3><UL>
 <LI><a href="#[8]">Reset_Handler</a>
 <LI><a href="#[1]">NmiSR</a>
 <LI><a href="#[2]">FaultISR</a>
 <LI><a href="#[3]">IntDefaultHandler</a>
</UL>
</UL>
<P>
<H3>
Mutually Recursive functions
</H3> <LI><a href="#[27]">vApplicationStackOverflowHook</a>&nbsp;&nbsp;&nbsp;&rArr;&nbsp;&nbsp;&nbsp;<a href="#[27]">vApplicationStackOverflowHook</a><BR>
 <LI><a href="#[1e]">UARTCharGet</a>&nbsp;&nbsp;&nbsp;&rArr;&nbsp;&nbsp;&nbsp;<a href="#[1e]">UARTCharGet</a><BR>
 <LI><a href="#[1]">NmiSR</a>&nbsp;&nbsp;&nbsp;&rArr;&nbsp;&nbsp;&nbsp;<a href="#[1]">NmiSR</a><BR>
 <LI><a href="#[2]">FaultISR</a>&nbsp;&nbsp;&nbsp;&rArr;&nbsp;&nbsp;&nbsp;<a href="#[2]">FaultISR</a><BR>
 <LI><a href="#[3]">IntDefaultHandler</a>&nbsp;&nbsp;&nbsp;&rArr;&nbsp;&nbsp;&nbsp;<a href="#[3]">IntDefaultHandler</a><BR>
</UL>
<P>
<H3>
Function Pointers
</H3><UL>
 <LI><a href="#[2]">FaultISR</a> from startup_rvmdk.o(RESET) referenced from startup_rvmdk.o(RESET)
 <LI><a href="#[3]">IntDefaultHandler</a> from startup_rvmdk.o(RESET) referenced 111 times from startup_rvmdk.o(RESET)
 <LI><a href="#[1]">NmiSR</a> from startup_rvmdk.o(RESET) referenced from startup_rvmdk.o(RESET)
 <LI><a href="#[8]">Reset_Handler</a> from startup_rvmdk.o(RESET) referenced from startup_rvmdk.o(RESET)
 <LI><a href="#[7]">main</a> from freertos_demo.o(i.main) referenced from entry9a.o(.ARM.Collect$$$$0000000B)
 <LI><a href="#[4]">vPortSVCHandler</a> from port.o(.emb_text) referenced from startup_rvmdk.o(RESET)
 <LI><a href="#[5]">xPortPendSVHandler</a> from port.o(.emb_text) referenced from startup_rvmdk.o(RESET)
 <LI><a href="#[6]">xPortSysTickHandler</a> from port.o(i.xPortSysTickHandler) referenced from startup_rvmdk.o(RESET)
</UL>
<P>
<H3>
Global Symbols
</H3>
<P><STRONG><a name="[8]"></a>Reset_Handler</STRONG> (Thumb, 0 bytes, Stack size unknown bytes, startup_rvmdk.o(RESET))
<BR><BR>[Calls]<UL><LI><a href="#[9]">&gt;&gt;</a>&nbsp;&nbsp;&nbsp;__main
</UL>

<P><STRONG><a name="[9]"></a>__main</STRONG> (Thumb, 0 bytes, Stack size unknown bytes, entry.o(.ARM.Collect$$$$00000000))
<BR><BR>[Called By]<UL><LI><a href="#[8]">&gt;&gt;</a>&nbsp;&nbsp;&nbsp;Reset_Handler
</UL>

<P><STRONG><a name="[2a]"></a>_main_stk</STRONG> (Thumb, 0 bytes, Stack size unknown bytes, entry2.o(.ARM.Collect$$$$00000001))

<P><STRONG><a name="[a]"></a>_main_scatterload</STRONG> (Thumb, 0 bytes, Stack size unknown bytes, entry5.o(.ARM.Collect$$$$00000004))
<BR><BR>[Calls]<UL><LI><a href="#[b]">&gt;&gt;</a>&nbsp;&nbsp;&nbsp;__scatterload
</UL>

<P><STRONG><a name="[12]"></a>__main_after_scatterload</STRONG> (Thumb, 0 bytes, Stack size unknown bytes, entry5.o(.ARM.Collect$$$$00000004))
<BR><BR>[Called By]<UL><LI><a href="#[b]">&gt;&gt;</a>&nbsp;&nbsp;&nbsp;__scatterload
</UL>

<P><STRONG><a name="[2b]"></a>_main_clock</STRONG> (Thumb, 0 bytes, Stack size unknown bytes, entry7b.o(.ARM.Collect$$$$00000008))

<P><STRONG><a name="[2c]"></a>_main_cpp_init</STRONG> (Thumb, 0 bytes, Stack size unknown bytes, entry8b.o(.ARM.Collect$$$$0000000A))

<P><STRONG><a name="[2d]"></a>_main_init</STRONG> (Thumb, 0 bytes, Stack size unknown bytes, entry9a.o(.ARM.Collect$$$$0000000B))

<P><STRONG><a name="[2e]"></a>__rt_lib_shutdown_fini</STRONG> (Thumb, 0 bytes, Stack size unknown bytes, entry12b.o(.ARM.Collect$$$$0000000E))

<P><STRONG><a name="[2f]"></a>__rt_final_cpp</STRONG> (Thumb, 0 bytes, Stack size unknown bytes, entry10a.o(.ARM.Collect$$$$0000000F))

<P><STRONG><a name="[30]"></a>__rt_final_exit</STRONG> (Thumb, 0 bytes, Stack size unknown bytes, entry11a.o(.ARM.Collect$$$$00000011))

<P><STRONG><a name="[4]"></a>vPortSVCHandler</STRONG> (Thumb, 28 bytes, Stack size 0 bytes, port.o(.emb_text))
<BR>[Address Reference Count : 1]<UL><LI> startup_rvmdk.o(RESET)
</UL>
<P><STRONG><a name="[31]"></a>__asm___6_port_c_39a90d8d__prvStartFirstTask</STRONG> (Thumb, 36 bytes, Stack size 0 bytes, port.o(.emb_text), UNUSED)

<P><STRONG><a name="[32]"></a>__asm___6_port_c_39a90d8d__prvEnableVFP</STRONG> (Thumb, 16 bytes, Stack size 0 bytes, port.o(.emb_text), UNUSED)

<P><STRONG><a name="[5]"></a>xPortPendSVHandler</STRONG> (Thumb, 88 bytes, Stack size 0 bytes, port.o(.emb_text))
<BR><BR>[Stack]<UL><LI>Max Depth = 8<LI>Call Chain = xPortPendSVHandler &rArr; vTaskSwitchContext
</UL>
<BR>[Calls]<UL><LI><a href="#[c]">&gt;&gt;</a>&nbsp;&nbsp;&nbsp;vTaskSwitchContext
</UL>
<BR>[Address Reference Count : 1]<UL><LI> startup_rvmdk.o(RESET)
</UL>
<P><STRONG><a name="[33]"></a>vPortGetIPSR</STRONG> (Thumb, 6 bytes, Stack size 0 bytes, port.o(.emb_text), UNUSED)

<P><STRONG><a name="[10]"></a>__rt_ctype_table</STRONG> (Thumb, 4 bytes, Stack size 0 bytes, ctype_o.o(.text))
<BR><BR>[Called By]<UL><LI><a href="#[24]">&gt;&gt;</a>&nbsp;&nbsp;&nbsp;matchPoints
<LI><a href="#[f]">&gt;&gt;</a>&nbsp;&nbsp;&nbsp;strtol
</UL>

<P><STRONG><a name="[26]"></a>strlen</STRONG> (Thumb, 14 bytes, Stack size 0 bytes, strlen.o(.text))
<BR><BR>[Called By]<UL><LI><a href="#[24]">&gt;&gt;</a>&nbsp;&nbsp;&nbsp;matchPoints
</UL>

<P><STRONG><a name="[25]"></a>strtok</STRONG> (Thumb, 62 bytes, Stack size 16 bytes, strtok.o(.text))
<BR><BR>[Stack]<UL><LI>Max Depth = 16<LI>Call Chain = strtok
</UL>
<BR>[Called By]<UL><LI><a href="#[7]">&gt;&gt;</a>&nbsp;&nbsp;&nbsp;main
</UL>

<P><STRONG><a name="[d]"></a>atoi</STRONG> (Thumb, 26 bytes, Stack size 16 bytes, atoi.o(.text))
<BR><BR>[Stack]<UL><LI>Max Depth = 88<LI>Call Chain = atoi &rArr; strtol &rArr; _strtoul
</UL>
<BR>[Calls]<UL><LI><a href="#[f]">&gt;&gt;</a>&nbsp;&nbsp;&nbsp;strtol
<LI><a href="#[e]">&gt;&gt;</a>&nbsp;&nbsp;&nbsp;__aeabi_errno_addr
</UL>
<BR>[Called By]<UL><LI><a href="#[24]">&gt;&gt;</a>&nbsp;&nbsp;&nbsp;matchPoints
<LI><a href="#[7]">&gt;&gt;</a>&nbsp;&nbsp;&nbsp;main
</UL>

<P><STRONG><a name="[f]"></a>strtol</STRONG> (Thumb, 112 bytes, Stack size 32 bytes, strtol.o(.text))
<BR><BR>[Stack]<UL><LI>Max Depth = 72<LI>Call Chain = strtol &rArr; _strtoul
</UL>
<BR>[Calls]<UL><LI><a href="#[11]">&gt;&gt;</a>&nbsp;&nbsp;&nbsp;_strtoul
<LI><a href="#[e]">&gt;&gt;</a>&nbsp;&nbsp;&nbsp;__aeabi_errno_addr
<LI><a href="#[10]">&gt;&gt;</a>&nbsp;&nbsp;&nbsp;__rt_ctype_table
</UL>
<BR>[Called By]<UL><LI><a href="#[d]">&gt;&gt;</a>&nbsp;&nbsp;&nbsp;atoi
</UL>

<P><STRONG><a name="[b]"></a>__scatterload</STRONG> (Thumb, 28 bytes, Stack size 0 bytes, init.o(.text))
<BR><BR>[Calls]<UL><LI><a href="#[12]">&gt;&gt;</a>&nbsp;&nbsp;&nbsp;__main_after_scatterload
</UL>
<BR>[Called By]<UL><LI><a href="#[a]">&gt;&gt;</a>&nbsp;&nbsp;&nbsp;_main_scatterload
</UL>

<P><STRONG><a name="[34]"></a>__scatterload_rt2</STRONG> (Thumb, 0 bytes, Stack size 0 bytes, init.o(.text), UNUSED)

<P><STRONG><a name="[11]"></a>_strtoul</STRONG> (Thumb, 158 bytes, Stack size 40 bytes, _strtoul.o(.text))
<BR><BR>[Stack]<UL><LI>Max Depth = 40<LI>Call Chain = _strtoul
</UL>
<BR>[Calls]<UL><LI><a href="#[13]">&gt;&gt;</a>&nbsp;&nbsp;&nbsp;_chval
<LI><a href="#[e]">&gt;&gt;</a>&nbsp;&nbsp;&nbsp;__aeabi_errno_addr
</UL>
<BR>[Called By]<UL><LI><a href="#[f]">&gt;&gt;</a>&nbsp;&nbsp;&nbsp;strtol
</UL>

<P><STRONG><a name="[13]"></a>_chval</STRONG> (Thumb, 28 bytes, Stack size 0 bytes, _chval.o(.text))
<BR><BR>[Called By]<UL><LI><a href="#[11]">&gt;&gt;</a>&nbsp;&nbsp;&nbsp;_strtoul
</UL>

<P><STRONG><a name="[35]"></a>__decompress</STRONG> (Thumb, 0 bytes, Stack size unknown bytes, __dczerorl2.o(.text), UNUSED)

<P><STRONG><a name="[36]"></a>__decompress1</STRONG> (Thumb, 86 bytes, Stack size unknown bytes, __dczerorl2.o(.text), UNUSED)

<P><STRONG><a name="[14]"></a>ConfigureUART</STRONG> (Thumb, 66 bytes, Stack size 8 bytes, freertos_demo.o(i.ConfigureUART))
<BR><BR>[Stack]<UL><LI>Max Depth = 56<LI>Call Chain = ConfigureUART &rArr; GPIOPinTypeUART &rArr; GPIOPadConfigSet
</UL>
<BR>[Calls]<UL><LI><a href="#[1a]">&gt;&gt;</a>&nbsp;&nbsp;&nbsp;UARTStdioConfig
<LI><a href="#[18]">&gt;&gt;</a>&nbsp;&nbsp;&nbsp;UARTClockSourceSet
<LI><a href="#[15]">&gt;&gt;</a>&nbsp;&nbsp;&nbsp;SysCtlPeripheralEnable
<LI><a href="#[19]">&gt;&gt;</a>&nbsp;&nbsp;&nbsp;SysCtlClockGet
<LI><a href="#[17]">&gt;&gt;</a>&nbsp;&nbsp;&nbsp;GPIOPinTypeUART
<LI><a href="#[16]">&gt;&gt;</a>&nbsp;&nbsp;&nbsp;GPIOPinConfigure
</UL>
<BR>[Called By]<UL><LI><a href="#[7]">&gt;&gt;</a>&nbsp;&nbsp;&nbsp;main
</UL>

<P><STRONG><a name="[1d]"></a>GPIODirModeSet</STRONG> (Thumb, 40 bytes, Stack size 0 bytes, gpio.o(i.GPIODirModeSet))
<BR><BR>[Called By]<UL><LI><a href="#[17]">&gt;&gt;</a>&nbsp;&nbsp;&nbsp;GPIOPinTypeUART
<LI><a href="#[1b]">&gt;&gt;</a>&nbsp;&nbsp;&nbsp;GPIOPinTypeGPIOOutput
</UL>

<P><STRONG><a name="[1c]"></a>GPIOPadConfigSet</STRONG> (Thumb, 354 bytes, Stack size 36 bytes, gpio.o(i.GPIOPadConfigSet))
<BR><BR>[Stack]<UL><LI>Max Depth = 36<LI>Call Chain = GPIOPadConfigSet
</UL>
<BR>[Called By]<UL><LI><a href="#[17]">&gt;&gt;</a>&nbsp;&nbsp;&nbsp;GPIOPinTypeUART
<LI><a href="#[1b]">&gt;&gt;</a>&nbsp;&nbsp;&nbsp;GPIOPinTypeGPIOOutput
</UL>

<P><STRONG><a name="[16]"></a>GPIOPinConfigure</STRONG> (Thumb, 60 bytes, Stack size 0 bytes, gpio.o(i.GPIOPinConfigure))
<BR><BR>[Called By]<UL><LI><a href="#[14]">&gt;&gt;</a>&nbsp;&nbsp;&nbsp;ConfigureUART
</UL>

<P><STRONG><a name="[1b]"></a>GPIOPinTypeGPIOOutput</STRONG> (Thumb, 28 bytes, Stack size 12 bytes, gpio.o(i.GPIOPinTypeGPIOOutput))
<BR><BR>[Stack]<UL><LI>Max Depth = 48<LI>Call Chain = GPIOPinTypeGPIOOutput &rArr; GPIOPadConfigSet
</UL>
<BR>[Calls]<UL><LI><a href="#[1c]">&gt;&gt;</a>&nbsp;&nbsp;&nbsp;GPIOPadConfigSet
<LI><a href="#[1d]">&gt;&gt;</a>&nbsp;&nbsp;&nbsp;GPIODirModeSet
</UL>
<BR>[Called By]<UL><LI><a href="#[7]">&gt;&gt;</a>&nbsp;&nbsp;&nbsp;main
</UL>

<P><STRONG><a name="[17]"></a>GPIOPinTypeUART</STRONG> (Thumb, 28 bytes, Stack size 12 bytes, gpio.o(i.GPIOPinTypeUART))
<BR><BR>[Stack]<UL><LI>Max Depth = 48<LI>Call Chain = GPIOPinTypeUART &rArr; GPIOPadConfigSet
</UL>
<BR>[Calls]<UL><LI><a href="#[1c]">&gt;&gt;</a>&nbsp;&nbsp;&nbsp;GPIOPadConfigSet
<LI><a href="#[1d]">&gt;&gt;</a>&nbsp;&nbsp;&nbsp;GPIODirModeSet
</UL>
<BR>[Called By]<UL><LI><a href="#[14]">&gt;&gt;</a>&nbsp;&nbsp;&nbsp;ConfigureUART
</UL>

<P><STRONG><a name="[19]"></a>SysCtlClockGet</STRONG> (Thumb, 304 bytes, Stack size 12 bytes, sysctl.o(i.SysCtlClockGet))
<BR><BR>[Stack]<UL><LI>Max Depth = 12<LI>Call Chain = SysCtlClockGet
</UL>
<BR>[Called By]<UL><LI><a href="#[7]">&gt;&gt;</a>&nbsp;&nbsp;&nbsp;main
<LI><a href="#[14]">&gt;&gt;</a>&nbsp;&nbsp;&nbsp;ConfigureUART
</UL>

<P><STRONG><a name="[15]"></a>SysCtlPeripheralEnable</STRONG> (Thumb, 36 bytes, Stack size 0 bytes, sysctl.o(i.SysCtlPeripheralEnable))
<BR><BR>[Called By]<UL><LI><a href="#[7]">&gt;&gt;</a>&nbsp;&nbsp;&nbsp;main
<LI><a href="#[14]">&gt;&gt;</a>&nbsp;&nbsp;&nbsp;ConfigureUART
</UL>

<P><STRONG><a name="[22]"></a>SysCtlPeripheralReady</STRONG> (Thumb, 40 bytes, Stack size 0 bytes, sysctl.o(i.SysCtlPeripheralReady))
<BR><BR>[Called By]<UL><LI><a href="#[7]">&gt;&gt;</a>&nbsp;&nbsp;&nbsp;main
</UL>

<P><STRONG><a name="[1e]"></a>UARTCharGet</STRONG> (Thumb, 12 bytes, Stack size 0 bytes, uart.o(i.UARTCharGet))
<BR><BR>[Calls]<UL><LI><a href="#[1e]">&gt;&gt;</a>&nbsp;&nbsp;&nbsp;UARTCharGet
</UL>
<BR>[Called By]<UL><LI><a href="#[1e]">&gt;&gt;</a>&nbsp;&nbsp;&nbsp;UARTCharGet
<LI><a href="#[7]">&gt;&gt;</a>&nbsp;&nbsp;&nbsp;main
</UL>

<P><STRONG><a name="[23]"></a>UARTCharsAvail</STRONG> (Thumb, 10 bytes, Stack size 0 bytes, uart.o(i.UARTCharsAvail))
<BR><BR>[Called By]<UL><LI><a href="#[7]">&gt;&gt;</a>&nbsp;&nbsp;&nbsp;main
</UL>

<P><STRONG><a name="[18]"></a>UARTClockSourceSet</STRONG> (Thumb, 6 bytes, Stack size 0 bytes, uart.o(i.UARTClockSourceSet))
<BR><BR>[Called By]<UL><LI><a href="#[14]">&gt;&gt;</a>&nbsp;&nbsp;&nbsp;ConfigureUART
</UL>

<P><STRONG><a name="[1a]"></a>UARTStdioConfig</STRONG> (Thumb, 82 bytes, Stack size 32 bytes, uartstdio.o(i.UARTStdioConfig))
<BR><BR>[Stack]<UL><LI>Max Depth = 32<LI>Call Chain = UARTStdioConfig
</UL>
<BR>[Called By]<UL><LI><a href="#[14]">&gt;&gt;</a>&nbsp;&nbsp;&nbsp;ConfigureUART
</UL>

<P><STRONG><a name="[1f]"></a>UARTprintf</STRONG> (Thumb, 18 bytes, Stack size 24 bytes, uartstdio.o(i.UARTprintf))
<BR><BR>[Stack]<UL><LI>Max Depth = 104<LI>Call Chain = UARTprintf &rArr; UARTvprintf &rArr; UARTwrite
</UL>
<BR>[Calls]<UL><LI><a href="#[20]">&gt;&gt;</a>&nbsp;&nbsp;&nbsp;UARTvprintf
</UL>
<BR>[Called By]<UL><LI><a href="#[24]">&gt;&gt;</a>&nbsp;&nbsp;&nbsp;matchPoints
<LI><a href="#[7]">&gt;&gt;</a>&nbsp;&nbsp;&nbsp;main
</UL>

<P><STRONG><a name="[20]"></a>UARTvprintf</STRONG> (Thumb, 420 bytes, Stack size 56 bytes, uartstdio.o(i.UARTvprintf))
<BR><BR>[Stack]<UL><LI>Max Depth = 80<LI>Call Chain = UARTvprintf &rArr; UARTwrite
</UL>
<BR>[Calls]<UL><LI><a href="#[21]">&gt;&gt;</a>&nbsp;&nbsp;&nbsp;UARTwrite
</UL>
<BR>[Called By]<UL><LI><a href="#[1f]">&gt;&gt;</a>&nbsp;&nbsp;&nbsp;UARTprintf
</UL>

<P><STRONG><a name="[21]"></a>UARTwrite</STRONG> (Thumb, 60 bytes, Stack size 24 bytes, uartstdio.o(i.UARTwrite))
<BR><BR>[Stack]<UL><LI>Max Depth = 24<LI>Call Chain = UARTwrite
</UL>
<BR>[Called By]<UL><LI><a href="#[20]">&gt;&gt;</a>&nbsp;&nbsp;&nbsp;UARTvprintf
</UL>

<P><STRONG><a name="[e]"></a>__aeabi_errno_addr</STRONG> (Thumb, 4 bytes, Stack size 0 bytes, errno.o(i.__aeabi_errno_addr))
<BR><BR>[Called By]<UL><LI><a href="#[11]">&gt;&gt;</a>&nbsp;&nbsp;&nbsp;_strtoul
<LI><a href="#[f]">&gt;&gt;</a>&nbsp;&nbsp;&nbsp;strtol
<LI><a href="#[d]">&gt;&gt;</a>&nbsp;&nbsp;&nbsp;atoi
</UL>

<P><STRONG><a name="[37]"></a>__rt_errno_addr</STRONG> (Thumb, 0 bytes, Stack size 0 bytes, errno.o(i.__aeabi_errno_addr), UNUSED)

<P><STRONG><a name="[38]"></a>__scatterload_copy</STRONG> (Thumb, 14 bytes, Stack size unknown bytes, handlers.o(i.__scatterload_copy), UNUSED)

<P><STRONG><a name="[39]"></a>__scatterload_null</STRONG> (Thumb, 2 bytes, Stack size unknown bytes, handlers.o(i.__scatterload_null), UNUSED)

<P><STRONG><a name="[3a]"></a>__scatterload_zeroinit</STRONG> (Thumb, 14 bytes, Stack size unknown bytes, handlers.o(i.__scatterload_zeroinit), UNUSED)

<P><STRONG><a name="[7]"></a>main</STRONG> (Thumb, 382 bytes, Stack size 32 bytes, freertos_demo.o(i.main))
<BR><BR>[Stack]<UL><LI>Max Depth = 208<LI>Call Chain = main &rArr; matchPoints &rArr; UARTprintf &rArr; UARTvprintf &rArr; UARTwrite
</UL>
<BR>[Calls]<UL><LI><a href="#[1f]">&gt;&gt;</a>&nbsp;&nbsp;&nbsp;UARTprintf
<LI><a href="#[23]">&gt;&gt;</a>&nbsp;&nbsp;&nbsp;UARTCharsAvail
<LI><a href="#[1e]">&gt;&gt;</a>&nbsp;&nbsp;&nbsp;UARTCharGet
<LI><a href="#[22]">&gt;&gt;</a>&nbsp;&nbsp;&nbsp;SysCtlPeripheralReady
<LI><a href="#[15]">&gt;&gt;</a>&nbsp;&nbsp;&nbsp;SysCtlPeripheralEnable
<LI><a href="#[19]">&gt;&gt;</a>&nbsp;&nbsp;&nbsp;SysCtlClockGet
<LI><a href="#[1b]">&gt;&gt;</a>&nbsp;&nbsp;&nbsp;GPIOPinTypeGPIOOutput
<LI><a href="#[24]">&gt;&gt;</a>&nbsp;&nbsp;&nbsp;matchPoints
<LI><a href="#[14]">&gt;&gt;</a>&nbsp;&nbsp;&nbsp;ConfigureUART
<LI><a href="#[d]">&gt;&gt;</a>&nbsp;&nbsp;&nbsp;atoi
<LI><a href="#[25]">&gt;&gt;</a>&nbsp;&nbsp;&nbsp;strtok
</UL>
<BR>[Address Reference Count : 1]<UL><LI> entry9a.o(.ARM.Collect$$$$0000000B)
</UL>
<P><STRONG><a name="[24]"></a>matchPoints</STRONG> (Thumb, 334 bytes, Stack size 72 bytes, freertos_demo.o(i.matchPoints))
<BR><BR>[Stack]<UL><LI>Max Depth = 176<LI>Call Chain = matchPoints &rArr; UARTprintf &rArr; UARTvprintf &rArr; UARTwrite
</UL>
<BR>[Calls]<UL><LI><a href="#[1f]">&gt;&gt;</a>&nbsp;&nbsp;&nbsp;UARTprintf
<LI><a href="#[d]">&gt;&gt;</a>&nbsp;&nbsp;&nbsp;atoi
<LI><a href="#[26]">&gt;&gt;</a>&nbsp;&nbsp;&nbsp;strlen
<LI><a href="#[10]">&gt;&gt;</a>&nbsp;&nbsp;&nbsp;__rt_ctype_table
</UL>
<BR>[Called By]<UL><LI><a href="#[7]">&gt;&gt;</a>&nbsp;&nbsp;&nbsp;main
</UL>

<P><STRONG><a name="[27]"></a>vApplicationStackOverflowHook</STRONG> (Thumb, 2 bytes, Stack size 0 bytes, freertos_demo.o(i.vApplicationStackOverflowHook))
<BR><BR>[Calls]<UL><LI><a href="#[27]">&gt;&gt;</a>&nbsp;&nbsp;&nbsp;vApplicationStackOverflowHook
</UL>
<BR>[Called By]<UL><LI><a href="#[27]">&gt;&gt;</a>&nbsp;&nbsp;&nbsp;vApplicationStackOverflowHook
<LI><a href="#[c]">&gt;&gt;</a>&nbsp;&nbsp;&nbsp;vTaskSwitchContext
</UL>

<P><STRONG><a name="[c]"></a>vTaskSwitchContext</STRONG> (Thumb, 104 bytes, Stack size 8 bytes, tasks.o(i.vTaskSwitchContext))
<BR><BR>[Stack]<UL><LI>Max Depth = 8<LI>Call Chain = vTaskSwitchContext
</UL>
<BR>[Calls]<UL><LI><a href="#[27]">&gt;&gt;</a>&nbsp;&nbsp;&nbsp;vApplicationStackOverflowHook
</UL>
<BR>[Called By]<UL><LI><a href="#[5]">&gt;&gt;</a>&nbsp;&nbsp;&nbsp;xPortPendSVHandler
</UL>

<P><STRONG><a name="[6]"></a>xPortSysTickHandler</STRONG> (Thumb, 38 bytes, Stack size 8 bytes, port.o(i.xPortSysTickHandler))
<BR><BR>[Stack]<UL><LI>Max Depth = 32<LI>Call Chain = xPortSysTickHandler &rArr; xTaskIncrementTick
</UL>
<BR>[Calls]<UL><LI><a href="#[28]">&gt;&gt;</a>&nbsp;&nbsp;&nbsp;xTaskIncrementTick
</UL>
<BR>[Address Reference Count : 1]<UL><LI> startup_rvmdk.o(RESET)
</UL>
<P><STRONG><a name="[28]"></a>xTaskIncrementTick</STRONG> (Thumb, 264 bytes, Stack size 24 bytes, tasks.o(i.xTaskIncrementTick))
<BR><BR>[Stack]<UL><LI>Max Depth = 24<LI>Call Chain = xTaskIncrementTick
</UL>
<BR>[Calls]<UL><LI><a href="#[29]">&gt;&gt;</a>&nbsp;&nbsp;&nbsp;prvResetNextTaskUnblockTime
</UL>
<BR>[Called By]<UL><LI><a href="#[6]">&gt;&gt;</a>&nbsp;&nbsp;&nbsp;xPortSysTickHandler
</UL>
<P>
<H3>
Local Symbols
</H3>
<P><STRONG><a name="[1]"></a>NmiSR</STRONG> (Thumb, 0 bytes, Stack size unknown bytes, startup_rvmdk.o(RESET))
<BR><BR>[Calls]<UL><LI><a href="#[1]">&gt;&gt;</a>&nbsp;&nbsp;&nbsp;NmiSR
</UL>
<BR>[Called By]<UL><LI><a href="#[1]">&gt;&gt;</a>&nbsp;&nbsp;&nbsp;NmiSR
</UL>
<BR>[Address Reference Count : 1]<UL><LI> startup_rvmdk.o(RESET)
</UL>
<P><STRONG><a name="[2]"></a>FaultISR</STRONG> (Thumb, 0 bytes, Stack size unknown bytes, startup_rvmdk.o(RESET))
<BR><BR>[Calls]<UL><LI><a href="#[2]">&gt;&gt;</a>&nbsp;&nbsp;&nbsp;FaultISR
</UL>
<BR>[Called By]<UL><LI><a href="#[2]">&gt;&gt;</a>&nbsp;&nbsp;&nbsp;FaultISR
</UL>
<BR>[Address Reference Count : 1]<UL><LI> startup_rvmdk.o(RESET)
</UL>
<P><STRONG><a name="[3]"></a>IntDefaultHandler</STRONG> (Thumb, 0 bytes, Stack size unknown bytes, startup_rvmdk.o(RESET))
<BR><BR>[Calls]<UL><LI><a href="#[3]">&gt;&gt;</a>&nbsp;&nbsp;&nbsp;IntDefaultHandler
</UL>
<BR>[Called By]<UL><LI><a href="#[3]">&gt;&gt;</a>&nbsp;&nbsp;&nbsp;IntDefaultHandler
</UL>
<BR>[Address Reference Count : 1]<UL><LI> startup_rvmdk.o(RESET)
</UL>
<P><STRONG><a name="[29]"></a>prvResetNextTaskUnblockTime</STRONG> (Thumb, 24 bytes, Stack size 0 bytes, tasks.o(i.prvResetNextTaskUnblockTime))
<BR><BR>[Called By]<UL><LI><a href="#[28]">&gt;&gt;</a>&nbsp;&nbsp;&nbsp;xTaskIncrementTick
</UL>
<P>
<H3>
Undefined Global Symbols
</H3><HR></body></html>
