<!doctype html public "-//w3c//dtd html 4.0 transitional//en">
<html><head>
<title>Static Call Graph - [.\rvmdk\freertos_demo.axf]</title></head>
<body><HR>
<H1>Static Call Graph for image .\rvmdk\freertos_demo.axf</H1><HR>
<BR><P>#&#060CALLGRAPH&#062# ARM Linker, 5060960: Last Updated: Tue Nov 25 17:02:11 2025
<BR><P>
<H3>Maximum Stack Usage =        344 bytes + Unknown(Functions without stacksize, Cycles, Untraceable Function Pointers)</H3><H3>
Call chain for Maximum Stack Depth:</H3>
main &rArr; CMD_Run &rArr; __0sscanf &rArr; __vfscanf_char &rArr; __vfscanf &rArr; _scanf_string
<P>
<H3>
Functions with no stack information
</H3><UL>
 <LI><a href="#[e]">Reset_Handler</a>
 <LI><a href="#[1]">NmiSR</a>
 <LI><a href="#[2]">FaultISR</a>
 <LI><a href="#[3]">IntDefaultHandler</a>
</UL>
</UL>
<P>
<H3>
Mutually Recursive functions
</H3> <LI><a href="#[71]">vApplicationStackOverflowHook</a>&nbsp;&nbsp;&nbsp;&rArr;&nbsp;&nbsp;&nbsp;<a href="#[71]">vApplicationStackOverflowHook</a><BR>
 <LI><a href="#[64]">UARTCharGet</a>&nbsp;&nbsp;&nbsp;&rArr;&nbsp;&nbsp;&nbsp;<a href="#[64]">UARTCharGet</a><BR>
 <LI><a href="#[13]">SysCtlDelay</a>&nbsp;&nbsp;&nbsp;&rArr;&nbsp;&nbsp;&nbsp;<a href="#[13]">SysCtlDelay</a><BR>
 <LI><a href="#[4b]">SSIDataPut</a>&nbsp;&nbsp;&nbsp;&rArr;&nbsp;&nbsp;&nbsp;<a href="#[4b]">SSIDataPut</a><BR>
 <LI><a href="#[1]">NmiSR</a>&nbsp;&nbsp;&nbsp;&rArr;&nbsp;&nbsp;&nbsp;<a href="#[1]">NmiSR</a><BR>
 <LI><a href="#[2]">FaultISR</a>&nbsp;&nbsp;&nbsp;&rArr;&nbsp;&nbsp;&nbsp;<a href="#[2]">FaultISR</a><BR>
 <LI><a href="#[3]">IntDefaultHandler</a>&nbsp;&nbsp;&nbsp;&rArr;&nbsp;&nbsp;&nbsp;<a href="#[3]">IntDefaultHandler</a><BR>
</UL>
<P>
<H3>
Function Pointers
</H3><UL>
 <LI><a href="#[2]">FaultISR</a> from startup_rvmdk.o(RESET) referenced from startup_rvmdk.o(RESET)
 <LI><a href="#[3]">IntDefaultHandler</a> from startup_rvmdk.o(RESET) referenced 111 times from startup_rvmdk.o(RESET)
 <LI><a href="#[1]">NmiSR</a> from startup_rvmdk.o(RESET) referenced from startup_rvmdk.o(RESET)
 <LI><a href="#[e]">Reset_Handler</a> from startup_rvmdk.o(RESET) referenced from startup_rvmdk.o(RESET)
 <LI><a href="#[c]">Timer0AIntHandler</a> from timer_tasks.o(i.Timer0AIntHandler) referenced from timer_tasks.o(i.Timer0A_Init)
 <LI><a href="#[9]">_sbackspace</a> from _sgetc.o(.text) referenced from __0sscanf.o(.text)
 <LI><a href="#[a]">_scanf_char_input</a> from scanf_char.o(.text) referenced from scanf_char.o(.text)
 <LI><a href="#[8]">_sgetc</a> from _sgetc.o(.text) referenced from __0sscanf.o(.text)
 <LI><a href="#[d]">_sputc</a> from printf4.o(i._sputc) referenced from printf4.o(i.__0sprintf$4)
 <LI><a href="#[b]">isspace</a> from isspace_c.o(.text) referenced from scanf_char.o(.text)
 <LI><a href="#[7]">main</a> from freertos_demo.o(i.main) referenced from entry9a.o(.ARM.Collect$$$$0000000B)
 <LI><a href="#[4]">vPortSVCHandler</a> from port.o(.emb_text) referenced from startup_rvmdk.o(RESET)
 <LI><a href="#[5]">xPortPendSVHandler</a> from port.o(.emb_text) referenced from startup_rvmdk.o(RESET)
 <LI><a href="#[6]">xPortSysTickHandler</a> from port.o(i.xPortSysTickHandler) referenced from startup_rvmdk.o(RESET)
</UL>
<P>
<H3>
Global Symbols
</H3>
<P><STRONG><a name="[e]"></a>Reset_Handler</STRONG> (Thumb, 0 bytes, Stack size unknown bytes, startup_rvmdk.o(RESET))
<BR><BR>[Calls]<UL><LI><a href="#[f]">&gt;&gt;</a>&nbsp;&nbsp;&nbsp;__main
</UL>

<P><STRONG><a name="[f]"></a>__main</STRONG> (Thumb, 0 bytes, Stack size unknown bytes, entry.o(.ARM.Collect$$$$00000000))
<BR><BR>[Called By]<UL><LI><a href="#[e]">&gt;&gt;</a>&nbsp;&nbsp;&nbsp;Reset_Handler
</UL>

<P><STRONG><a name="[75]"></a>_main_stk</STRONG> (Thumb, 0 bytes, Stack size unknown bytes, entry2.o(.ARM.Collect$$$$00000001))

<P><STRONG><a name="[10]"></a>_main_scatterload</STRONG> (Thumb, 0 bytes, Stack size unknown bytes, entry5.o(.ARM.Collect$$$$00000004))
<BR><BR>[Calls]<UL><LI><a href="#[11]">&gt;&gt;</a>&nbsp;&nbsp;&nbsp;__scatterload
</UL>

<P><STRONG><a name="[1c]"></a>__main_after_scatterload</STRONG> (Thumb, 0 bytes, Stack size unknown bytes, entry5.o(.ARM.Collect$$$$00000004))
<BR><BR>[Called By]<UL><LI><a href="#[11]">&gt;&gt;</a>&nbsp;&nbsp;&nbsp;__scatterload
</UL>

<P><STRONG><a name="[76]"></a>_main_clock</STRONG> (Thumb, 0 bytes, Stack size unknown bytes, entry7b.o(.ARM.Collect$$$$00000008))

<P><STRONG><a name="[77]"></a>_main_cpp_init</STRONG> (Thumb, 0 bytes, Stack size unknown bytes, entry8b.o(.ARM.Collect$$$$0000000A))

<P><STRONG><a name="[78]"></a>_main_init</STRONG> (Thumb, 0 bytes, Stack size unknown bytes, entry9a.o(.ARM.Collect$$$$0000000B))

<P><STRONG><a name="[79]"></a>__rt_lib_shutdown_fini</STRONG> (Thumb, 0 bytes, Stack size unknown bytes, entry12b.o(.ARM.Collect$$$$0000000E))

<P><STRONG><a name="[7a]"></a>__rt_final_cpp</STRONG> (Thumb, 0 bytes, Stack size unknown bytes, entry10a.o(.ARM.Collect$$$$0000000F))

<P><STRONG><a name="[7b]"></a>__rt_final_exit</STRONG> (Thumb, 0 bytes, Stack size unknown bytes, entry11a.o(.ARM.Collect$$$$00000011))

<P><STRONG><a name="[4]"></a>vPortSVCHandler</STRONG> (Thumb, 28 bytes, Stack size 0 bytes, port.o(.emb_text))
<BR>[Address Reference Count : 1]<UL><LI> startup_rvmdk.o(RESET)
</UL>
<P><STRONG><a name="[7c]"></a>__asm___6_port_c_39a90d8d__prvStartFirstTask</STRONG> (Thumb, 36 bytes, Stack size 0 bytes, port.o(.emb_text), UNUSED)

<P><STRONG><a name="[7d]"></a>__asm___6_port_c_39a90d8d__prvEnableVFP</STRONG> (Thumb, 16 bytes, Stack size 0 bytes, port.o(.emb_text), UNUSED)

<P><STRONG><a name="[5]"></a>xPortPendSVHandler</STRONG> (Thumb, 88 bytes, Stack size 0 bytes, port.o(.emb_text))
<BR><BR>[Stack]<UL><LI>Max Depth = 8<LI>Call Chain = xPortPendSVHandler &rArr; vTaskSwitchContext
</UL>
<BR>[Calls]<UL><LI><a href="#[12]">&gt;&gt;</a>&nbsp;&nbsp;&nbsp;vTaskSwitchContext
</UL>
<BR>[Address Reference Count : 1]<UL><LI> startup_rvmdk.o(RESET)
</UL>
<P><STRONG><a name="[7e]"></a>vPortGetIPSR</STRONG> (Thumb, 6 bytes, Stack size 0 bytes, port.o(.emb_text), UNUSED)

<P><STRONG><a name="[13]"></a>SysCtlDelay</STRONG> (Thumb, 6 bytes, Stack size 0 bytes, sysctl.o(.emb_text))
<BR><BR>[Calls]<UL><LI><a href="#[13]">&gt;&gt;</a>&nbsp;&nbsp;&nbsp;SysCtlDelay
</UL>
<BR>[Called By]<UL><LI><a href="#[13]">&gt;&gt;</a>&nbsp;&nbsp;&nbsp;SysCtlDelay
<LI><a href="#[47]">&gt;&gt;</a>&nbsp;&nbsp;&nbsp;LED_Blink
</UL>

<P><STRONG><a name="[30]"></a>strlen</STRONG> (Thumb, 14 bytes, Stack size 0 bytes, strlen.o(.text))
<BR><BR>[Called By]<UL><LI><a href="#[2b]">&gt;&gt;</a>&nbsp;&nbsp;&nbsp;CMD_Run
</UL>

<P><STRONG><a name="[2d]"></a>strcmp</STRONG> (Thumb, 28 bytes, Stack size 8 bytes, strcmp.o(.text))
<BR><BR>[Stack]<UL><LI>Max Depth = 8<LI>Call Chain = strcmp
</UL>
<BR>[Called By]<UL><LI><a href="#[2b]">&gt;&gt;</a>&nbsp;&nbsp;&nbsp;CMD_Run
</UL>

<P><STRONG><a name="[68]"></a>strcpy</STRONG> (Thumb, 18 bytes, Stack size 0 bytes, strcpy.o(.text))
<BR><BR>[Called By]<UL><LI><a href="#[67]">&gt;&gt;</a>&nbsp;&nbsp;&nbsp;UART_ReadCommand
</UL>

<P><STRONG><a name="[2c]"></a>strncmp</STRONG> (Thumb, 30 bytes, Stack size 12 bytes, strncmp.o(.text))
<BR><BR>[Stack]<UL><LI>Max Depth = 12<LI>Call Chain = strncmp
</UL>
<BR>[Called By]<UL><LI><a href="#[2b]">&gt;&gt;</a>&nbsp;&nbsp;&nbsp;CMD_Run
</UL>

<P><STRONG><a name="[14]"></a>__0sscanf</STRONG> (Thumb, 48 bytes, Stack size 72 bytes, __0sscanf.o(.text))
<BR><BR>[Stack]<UL><LI>Max Depth = 216<LI>Call Chain = __0sscanf &rArr; __vfscanf_char &rArr; __vfscanf &rArr; _scanf_string
</UL>
<BR>[Calls]<UL><LI><a href="#[15]">&gt;&gt;</a>&nbsp;&nbsp;&nbsp;__vfscanf_char
</UL>
<BR>[Called By]<UL><LI><a href="#[2b]">&gt;&gt;</a>&nbsp;&nbsp;&nbsp;CMD_Run
</UL>

<P><STRONG><a name="[16]"></a>_scanf_int</STRONG> (Thumb, 332 bytes, Stack size 56 bytes, _scanf_int.o(.text))
<BR><BR>[Stack]<UL><LI>Max Depth = 56<LI>Call Chain = _scanf_int
</UL>
<BR>[Calls]<UL><LI><a href="#[17]">&gt;&gt;</a>&nbsp;&nbsp;&nbsp;_chval
</UL>
<BR>[Called By]<UL><LI><a href="#[1b]">&gt;&gt;</a>&nbsp;&nbsp;&nbsp;__vfscanf
</UL>

<P><STRONG><a name="[1e]"></a>_scanf_string</STRONG> (Thumb, 224 bytes, Stack size 56 bytes, _scanf_str.o(.text))
<BR><BR>[Stack]<UL><LI>Max Depth = 56<LI>Call Chain = _scanf_string
</UL>
<BR>[Called By]<UL><LI><a href="#[1b]">&gt;&gt;</a>&nbsp;&nbsp;&nbsp;__vfscanf
</UL>

<P><STRONG><a name="[18]"></a>__aeabi_uldivmod</STRONG> (Thumb, 98 bytes, Stack size 40 bytes, uldiv.o(.text), UNUSED)
<BR><BR>[Calls]<UL><LI><a href="#[19]">&gt;&gt;</a>&nbsp;&nbsp;&nbsp;__aeabi_llsr
<LI><a href="#[1a]">&gt;&gt;</a>&nbsp;&nbsp;&nbsp;__aeabi_llsl
</UL>
<BR>[Called By]<UL><LI><a href="#[6c]">&gt;&gt;</a>&nbsp;&nbsp;&nbsp;_printf_core
</UL>

<P><STRONG><a name="[17]"></a>_chval</STRONG> (Thumb, 28 bytes, Stack size 0 bytes, _chval.o(.text))
<BR><BR>[Called By]<UL><LI><a href="#[16]">&gt;&gt;</a>&nbsp;&nbsp;&nbsp;_scanf_int
</UL>

<P><STRONG><a name="[15]"></a>__vfscanf_char</STRONG> (Thumb, 20 bytes, Stack size 0 bytes, scanf_char.o(.text))
<BR><BR>[Stack]<UL><LI>Max Depth = 144<LI>Call Chain = __vfscanf_char &rArr; __vfscanf &rArr; _scanf_string
</UL>
<BR>[Calls]<UL><LI><a href="#[1b]">&gt;&gt;</a>&nbsp;&nbsp;&nbsp;__vfscanf
</UL>
<BR>[Called By]<UL><LI><a href="#[14]">&gt;&gt;</a>&nbsp;&nbsp;&nbsp;__0sscanf
</UL>

<P><STRONG><a name="[8]"></a>_sgetc</STRONG> (Thumb, 30 bytes, Stack size 0 bytes, _sgetc.o(.text))
<BR>[Address Reference Count : 1]<UL><LI> __0sscanf.o(.text)
</UL>
<P><STRONG><a name="[9]"></a>_sbackspace</STRONG> (Thumb, 34 bytes, Stack size 0 bytes, _sgetc.o(.text))
<BR>[Address Reference Count : 1]<UL><LI> __0sscanf.o(.text)
</UL>
<P><STRONG><a name="[11]"></a>__scatterload</STRONG> (Thumb, 28 bytes, Stack size 0 bytes, init.o(.text))
<BR><BR>[Calls]<UL><LI><a href="#[1c]">&gt;&gt;</a>&nbsp;&nbsp;&nbsp;__main_after_scatterload
</UL>
<BR>[Called By]<UL><LI><a href="#[10]">&gt;&gt;</a>&nbsp;&nbsp;&nbsp;_main_scatterload
</UL>

<P><STRONG><a name="[7f]"></a>__scatterload_rt2</STRONG> (Thumb, 0 bytes, Stack size 0 bytes, init.o(.text), UNUSED)

<P><STRONG><a name="[1a]"></a>__aeabi_llsl</STRONG> (Thumb, 30 bytes, Stack size 0 bytes, llshl.o(.text), UNUSED)
<BR><BR>[Called By]<UL><LI><a href="#[18]">&gt;&gt;</a>&nbsp;&nbsp;&nbsp;__aeabi_uldivmod
</UL>

<P><STRONG><a name="[80]"></a>_ll_shift_l</STRONG> (Thumb, 0 bytes, Stack size 0 bytes, llshl.o(.text), UNUSED)

<P><STRONG><a name="[19]"></a>__aeabi_llsr</STRONG> (Thumb, 32 bytes, Stack size 0 bytes, llushr.o(.text), UNUSED)
<BR><BR>[Called By]<UL><LI><a href="#[18]">&gt;&gt;</a>&nbsp;&nbsp;&nbsp;__aeabi_uldivmod
</UL>

<P><STRONG><a name="[81]"></a>_ll_ushift_r</STRONG> (Thumb, 0 bytes, Stack size 0 bytes, llushr.o(.text), UNUSED)

<P><STRONG><a name="[b]"></a>isspace</STRONG> (Thumb, 10 bytes, Stack size 0 bytes, isspace_c.o(.text))
<BR><BR>[Calls]<UL><LI><a href="#[1d]">&gt;&gt;</a>&nbsp;&nbsp;&nbsp;__ctype_lookup
</UL>
<BR>[Address Reference Count : 1]<UL><LI> scanf_char.o(.text)
</UL>
<P><STRONG><a name="[1b]"></a>__vfscanf</STRONG> (Thumb, 810 bytes, Stack size 88 bytes, _scanf.o(.text))
<BR><BR>[Stack]<UL><LI>Max Depth = 144<LI>Call Chain = __vfscanf &rArr; _scanf_string
</UL>
<BR>[Calls]<UL><LI><a href="#[1e]">&gt;&gt;</a>&nbsp;&nbsp;&nbsp;_scanf_string
<LI><a href="#[16]">&gt;&gt;</a>&nbsp;&nbsp;&nbsp;_scanf_int
</UL>
<BR>[Called By]<UL><LI><a href="#[15]">&gt;&gt;</a>&nbsp;&nbsp;&nbsp;__vfscanf_char
</UL>

<P><STRONG><a name="[1d]"></a>__ctype_lookup</STRONG> (Thumb, 34 bytes, Stack size 0 bytes, ctype_c.o(.text))
<BR><BR>[Called By]<UL><LI><a href="#[b]">&gt;&gt;</a>&nbsp;&nbsp;&nbsp;isspace
</UL>

<P><STRONG><a name="[82]"></a>__decompress</STRONG> (Thumb, 0 bytes, Stack size unknown bytes, __dczerorl.o(.text), UNUSED)

<P><STRONG><a name="[83]"></a>__decompress0</STRONG> (Thumb, 58 bytes, Stack size unknown bytes, __dczerorl.o(.text), UNUSED)

<P><STRONG><a name="[1f]"></a>ADC0_Init</STRONG> (Thumb, 92 bytes, Stack size 8 bytes, adc_tasks.o(i.ADC0_Init))
<BR><BR>[Stack]<UL><LI>Max Depth = 56<LI>Call Chain = ADC0_Init &rArr; GPIOPinTypeADC &rArr; GPIOPadConfigSet
</UL>
<BR>[Calls]<UL><LI><a href="#[21]">&gt;&gt;</a>&nbsp;&nbsp;&nbsp;SysCtlPeripheralReady
<LI><a href="#[20]">&gt;&gt;</a>&nbsp;&nbsp;&nbsp;SysCtlPeripheralEnable
<LI><a href="#[22]">&gt;&gt;</a>&nbsp;&nbsp;&nbsp;GPIOPinTypeADC
<LI><a href="#[24]">&gt;&gt;</a>&nbsp;&nbsp;&nbsp;ADCSequenceStepConfigure
<LI><a href="#[25]">&gt;&gt;</a>&nbsp;&nbsp;&nbsp;ADCSequenceEnable
<LI><a href="#[23]">&gt;&gt;</a>&nbsp;&nbsp;&nbsp;ADCSequenceConfigure
<LI><a href="#[26]">&gt;&gt;</a>&nbsp;&nbsp;&nbsp;ADCIntClear
</UL>
<BR>[Called By]<UL><LI><a href="#[7]">&gt;&gt;</a>&nbsp;&nbsp;&nbsp;main
</UL>

<P><STRONG><a name="[27]"></a>ADC0_SetChannel</STRONG> (Thumb, 48 bytes, Stack size 16 bytes, adc_tasks.o(i.ADC0_SetChannel))
<BR><BR>[Stack]<UL><LI>Max Depth = 20<LI>Call Chain = ADC0_SetChannel &rArr; ADCSequenceStepConfigure
</UL>
<BR>[Calls]<UL><LI><a href="#[24]">&gt;&gt;</a>&nbsp;&nbsp;&nbsp;ADCSequenceStepConfigure
<LI><a href="#[25]">&gt;&gt;</a>&nbsp;&nbsp;&nbsp;ADCSequenceEnable
<LI><a href="#[28]">&gt;&gt;</a>&nbsp;&nbsp;&nbsp;ADCSequenceDisable
<LI><a href="#[26]">&gt;&gt;</a>&nbsp;&nbsp;&nbsp;ADCIntClear
</UL>
<BR>[Called By]<UL><LI><a href="#[2f]">&gt;&gt;</a>&nbsp;&nbsp;&nbsp;Timer_SetADCChannel
</UL>

<P><STRONG><a name="[26]"></a>ADCIntClear</STRONG> (Thumb, 10 bytes, Stack size 0 bytes, adc.o(i.ADCIntClear))
<BR><BR>[Called By]<UL><LI><a href="#[c]">&gt;&gt;</a>&nbsp;&nbsp;&nbsp;Timer0AIntHandler
<LI><a href="#[27]">&gt;&gt;</a>&nbsp;&nbsp;&nbsp;ADC0_SetChannel
<LI><a href="#[1f]">&gt;&gt;</a>&nbsp;&nbsp;&nbsp;ADC0_Init
</UL>

<P><STRONG><a name="[5a]"></a>ADCIntStatus</STRONG> (Thumb, 52 bytes, Stack size 0 bytes, adc.o(i.ADCIntStatus))
<BR><BR>[Called By]<UL><LI><a href="#[c]">&gt;&gt;</a>&nbsp;&nbsp;&nbsp;Timer0AIntHandler
</UL>

<P><STRONG><a name="[59]"></a>ADCProcessorTrigger</STRONG> (Thumb, 26 bytes, Stack size 0 bytes, adc.o(i.ADCProcessorTrigger))
<BR><BR>[Called By]<UL><LI><a href="#[c]">&gt;&gt;</a>&nbsp;&nbsp;&nbsp;Timer0AIntHandler
</UL>

<P><STRONG><a name="[23]"></a>ADCSequenceConfigure</STRONG> (Thumb, 96 bytes, Stack size 8 bytes, adc.o(i.ADCSequenceConfigure))
<BR><BR>[Stack]<UL><LI>Max Depth = 8<LI>Call Chain = ADCSequenceConfigure
</UL>
<BR>[Called By]<UL><LI><a href="#[1f]">&gt;&gt;</a>&nbsp;&nbsp;&nbsp;ADC0_Init
</UL>

<P><STRONG><a name="[5b]"></a>ADCSequenceDataGet</STRONG> (Thumb, 36 bytes, Stack size 0 bytes, adc.o(i.ADCSequenceDataGet))
<BR><BR>[Called By]<UL><LI><a href="#[c]">&gt;&gt;</a>&nbsp;&nbsp;&nbsp;Timer0AIntHandler
</UL>

<P><STRONG><a name="[28]"></a>ADCSequenceDisable</STRONG> (Thumb, 16 bytes, Stack size 0 bytes, adc.o(i.ADCSequenceDisable))
<BR><BR>[Called By]<UL><LI><a href="#[27]">&gt;&gt;</a>&nbsp;&nbsp;&nbsp;ADC0_SetChannel
</UL>

<P><STRONG><a name="[25]"></a>ADCSequenceEnable</STRONG> (Thumb, 14 bytes, Stack size 0 bytes, adc.o(i.ADCSequenceEnable))
<BR><BR>[Called By]<UL><LI><a href="#[27]">&gt;&gt;</a>&nbsp;&nbsp;&nbsp;ADC0_SetChannel
<LI><a href="#[1f]">&gt;&gt;</a>&nbsp;&nbsp;&nbsp;ADC0_Init
</UL>

<P><STRONG><a name="[24]"></a>ADCSequenceStepConfigure</STRONG> (Thumb, 154 bytes, Stack size 4 bytes, adc.o(i.ADCSequenceStepConfigure))
<BR><BR>[Stack]<UL><LI>Max Depth = 4<LI>Call Chain = ADCSequenceStepConfigure
</UL>
<BR>[Called By]<UL><LI><a href="#[27]">&gt;&gt;</a>&nbsp;&nbsp;&nbsp;ADC0_SetChannel
<LI><a href="#[1f]">&gt;&gt;</a>&nbsp;&nbsp;&nbsp;ADC0_Init
</UL>

<P><STRONG><a name="[44]"></a>ADC_GetChannelAvgVoltage</STRONG> (Thumb, 68 bytes, Stack size 0 bytes, timer_tasks.o(i.ADC_GetChannelAvgVoltage))
<BR><BR>[Called By]<UL><LI><a href="#[42]">&gt;&gt;</a>&nbsp;&nbsp;&nbsp;LCD_UpdateADCReadings
</UL>

<P><STRONG><a name="[29]"></a>ADC_GetConversionTime</STRONG> (Thumb, 20 bytes, Stack size 8 bytes, timer_tasks.o(i.ADC_GetConversionTime))
<BR><BR>[Stack]<UL><LI>Max Depth = 20<LI>Call Chain = ADC_GetConversionTime &rArr; SysCtlClockGet
</UL>
<BR>[Calls]<UL><LI><a href="#[2a]">&gt;&gt;</a>&nbsp;&nbsp;&nbsp;SysCtlClockGet
</UL>
<BR>[Called By]<UL><LI><a href="#[42]">&gt;&gt;</a>&nbsp;&nbsp;&nbsp;LCD_UpdateADCReadings
</UL>

<P><STRONG><a name="[2b]"></a>CMD_Run</STRONG> (Thumb, 260 bytes, Stack size 64 bytes, uart_tasks.o(i.CMD_Run))
<BR><BR>[Stack]<UL><LI>Max Depth = 280<LI>Call Chain = CMD_Run &rArr; __0sscanf &rArr; __vfscanf_char &rArr; __vfscanf &rArr; _scanf_string
</UL>
<BR>[Calls]<UL><LI><a href="#[31]">&gt;&gt;</a>&nbsp;&nbsp;&nbsp;ST7735_Message
<LI><a href="#[2f]">&gt;&gt;</a>&nbsp;&nbsp;&nbsp;Timer_SetADCChannel
<LI><a href="#[33]">&gt;&gt;</a>&nbsp;&nbsp;&nbsp;ST7735_FillScreen
<LI><a href="#[32]">&gt;&gt;</a>&nbsp;&nbsp;&nbsp;LCD_ShowImage
<LI><a href="#[2e]">&gt;&gt;</a>&nbsp;&nbsp;&nbsp;UARTprintf
<LI><a href="#[2c]">&gt;&gt;</a>&nbsp;&nbsp;&nbsp;strncmp
<LI><a href="#[2d]">&gt;&gt;</a>&nbsp;&nbsp;&nbsp;strcmp
<LI><a href="#[30]">&gt;&gt;</a>&nbsp;&nbsp;&nbsp;strlen
<LI><a href="#[14]">&gt;&gt;</a>&nbsp;&nbsp;&nbsp;__0sscanf
</UL>
<BR>[Called By]<UL><LI><a href="#[7]">&gt;&gt;</a>&nbsp;&nbsp;&nbsp;main
</UL>

<P><STRONG><a name="[34]"></a>ConfigureUART</STRONG> (Thumb, 66 bytes, Stack size 8 bytes, uart_tasks.o(i.ConfigureUART))
<BR><BR>[Stack]<UL><LI>Max Depth = 56<LI>Call Chain = ConfigureUART &rArr; GPIOPinTypeUART &rArr; GPIOPadConfigSet
</UL>
<BR>[Calls]<UL><LI><a href="#[38]">&gt;&gt;</a>&nbsp;&nbsp;&nbsp;UARTStdioConfig
<LI><a href="#[37]">&gt;&gt;</a>&nbsp;&nbsp;&nbsp;UARTClockSourceSet
<LI><a href="#[36]">&gt;&gt;</a>&nbsp;&nbsp;&nbsp;GPIOPinTypeUART
<LI><a href="#[35]">&gt;&gt;</a>&nbsp;&nbsp;&nbsp;GPIOPinConfigure
<LI><a href="#[20]">&gt;&gt;</a>&nbsp;&nbsp;&nbsp;SysCtlPeripheralEnable
<LI><a href="#[2a]">&gt;&gt;</a>&nbsp;&nbsp;&nbsp;SysCtlClockGet
</UL>
<BR>[Called By]<UL><LI><a href="#[7]">&gt;&gt;</a>&nbsp;&nbsp;&nbsp;main
</UL>

<P><STRONG><a name="[6d]"></a>Delay1ms</STRONG> (Thumb, 26 bytes, Stack size 8 bytes, st7735.o(i.Delay1ms))
<BR><BR>[Stack]<UL><LI>Max Depth = 8<LI>Call Chain = Delay1ms
</UL>
<BR>[Called By]<UL><LI><a href="#[53]">&gt;&gt;</a>&nbsp;&nbsp;&nbsp;commonInit
<LI><a href="#[54]">&gt;&gt;</a>&nbsp;&nbsp;&nbsp;commandList
</UL>

<P><STRONG><a name="[70]"></a>DelayWait10ms</STRONG> (Thumb, 26 bytes, Stack size 8 bytes, freertos_demo.o(i.DelayWait10ms))
<BR><BR>[Stack]<UL><LI>Max Depth = 8<LI>Call Chain = DelayWait10ms
</UL>
<BR>[Called By]<UL><LI><a href="#[7]">&gt;&gt;</a>&nbsp;&nbsp;&nbsp;main
</UL>

<P><STRONG><a name="[39]"></a>GPIODirModeSet</STRONG> (Thumb, 40 bytes, Stack size 0 bytes, gpio.o(i.GPIODirModeSet))
<BR><BR>[Called By]<UL><LI><a href="#[36]">&gt;&gt;</a>&nbsp;&nbsp;&nbsp;GPIOPinTypeUART
<LI><a href="#[3b]">&gt;&gt;</a>&nbsp;&nbsp;&nbsp;GPIOPinTypeGPIOOutput
<LI><a href="#[22]">&gt;&gt;</a>&nbsp;&nbsp;&nbsp;GPIOPinTypeADC
<LI><a href="#[3c]">&gt;&gt;</a>&nbsp;&nbsp;&nbsp;GPIOPinTypeSSI
</UL>

<P><STRONG><a name="[3a]"></a>GPIOPadConfigSet</STRONG> (Thumb, 354 bytes, Stack size 36 bytes, gpio.o(i.GPIOPadConfigSet))
<BR><BR>[Stack]<UL><LI>Max Depth = 36<LI>Call Chain = GPIOPadConfigSet
</UL>
<BR>[Called By]<UL><LI><a href="#[36]">&gt;&gt;</a>&nbsp;&nbsp;&nbsp;GPIOPinTypeUART
<LI><a href="#[3b]">&gt;&gt;</a>&nbsp;&nbsp;&nbsp;GPIOPinTypeGPIOOutput
<LI><a href="#[22]">&gt;&gt;</a>&nbsp;&nbsp;&nbsp;GPIOPinTypeADC
<LI><a href="#[3c]">&gt;&gt;</a>&nbsp;&nbsp;&nbsp;GPIOPinTypeSSI
</UL>

<P><STRONG><a name="[35]"></a>GPIOPinConfigure</STRONG> (Thumb, 60 bytes, Stack size 0 bytes, gpio.o(i.GPIOPinConfigure))
<BR><BR>[Called By]<UL><LI><a href="#[34]">&gt;&gt;</a>&nbsp;&nbsp;&nbsp;ConfigureUART
<LI><a href="#[53]">&gt;&gt;</a>&nbsp;&nbsp;&nbsp;commonInit
</UL>

<P><STRONG><a name="[48]"></a>GPIOPinRead</STRONG> (Thumb, 6 bytes, Stack size 0 bytes, gpio.o(i.GPIOPinRead))
<BR><BR>[Called By]<UL><LI><a href="#[47]">&gt;&gt;</a>&nbsp;&nbsp;&nbsp;LED_Blink
</UL>

<P><STRONG><a name="[22]"></a>GPIOPinTypeADC</STRONG> (Thumb, 28 bytes, Stack size 12 bytes, gpio.o(i.GPIOPinTypeADC))
<BR><BR>[Stack]<UL><LI>Max Depth = 48<LI>Call Chain = GPIOPinTypeADC &rArr; GPIOPadConfigSet
</UL>
<BR>[Calls]<UL><LI><a href="#[3a]">&gt;&gt;</a>&nbsp;&nbsp;&nbsp;GPIOPadConfigSet
<LI><a href="#[39]">&gt;&gt;</a>&nbsp;&nbsp;&nbsp;GPIODirModeSet
</UL>
<BR>[Called By]<UL><LI><a href="#[1f]">&gt;&gt;</a>&nbsp;&nbsp;&nbsp;ADC0_Init
</UL>

<P><STRONG><a name="[3b]"></a>GPIOPinTypeGPIOOutput</STRONG> (Thumb, 28 bytes, Stack size 12 bytes, gpio.o(i.GPIOPinTypeGPIOOutput))
<BR><BR>[Stack]<UL><LI>Max Depth = 48<LI>Call Chain = GPIOPinTypeGPIOOutput &rArr; GPIOPadConfigSet
</UL>
<BR>[Calls]<UL><LI><a href="#[3a]">&gt;&gt;</a>&nbsp;&nbsp;&nbsp;GPIOPadConfigSet
<LI><a href="#[39]">&gt;&gt;</a>&nbsp;&nbsp;&nbsp;GPIODirModeSet
</UL>
<BR>[Called By]<UL><LI><a href="#[4a]">&gt;&gt;</a>&nbsp;&nbsp;&nbsp;LED_Init
<LI><a href="#[53]">&gt;&gt;</a>&nbsp;&nbsp;&nbsp;commonInit
</UL>

<P><STRONG><a name="[3c]"></a>GPIOPinTypeSSI</STRONG> (Thumb, 28 bytes, Stack size 12 bytes, gpio.o(i.GPIOPinTypeSSI))
<BR><BR>[Stack]<UL><LI>Max Depth = 48<LI>Call Chain = GPIOPinTypeSSI &rArr; GPIOPadConfigSet
</UL>
<BR>[Calls]<UL><LI><a href="#[3a]">&gt;&gt;</a>&nbsp;&nbsp;&nbsp;GPIOPadConfigSet
<LI><a href="#[39]">&gt;&gt;</a>&nbsp;&nbsp;&nbsp;GPIODirModeSet
</UL>
<BR>[Called By]<UL><LI><a href="#[53]">&gt;&gt;</a>&nbsp;&nbsp;&nbsp;commonInit
</UL>

<P><STRONG><a name="[36]"></a>GPIOPinTypeUART</STRONG> (Thumb, 28 bytes, Stack size 12 bytes, gpio.o(i.GPIOPinTypeUART))
<BR><BR>[Stack]<UL><LI>Max Depth = 48<LI>Call Chain = GPIOPinTypeUART &rArr; GPIOPadConfigSet
</UL>
<BR>[Calls]<UL><LI><a href="#[3a]">&gt;&gt;</a>&nbsp;&nbsp;&nbsp;GPIOPadConfigSet
<LI><a href="#[39]">&gt;&gt;</a>&nbsp;&nbsp;&nbsp;GPIODirModeSet
</UL>
<BR>[Called By]<UL><LI><a href="#[34]">&gt;&gt;</a>&nbsp;&nbsp;&nbsp;ConfigureUART
</UL>

<P><STRONG><a name="[49]"></a>GPIOPinWrite</STRONG> (Thumb, 6 bytes, Stack size 0 bytes, gpio.o(i.GPIOPinWrite))
<BR><BR>[Called By]<UL><LI><a href="#[47]">&gt;&gt;</a>&nbsp;&nbsp;&nbsp;LED_Blink
<LI><a href="#[4d]">&gt;&gt;</a>&nbsp;&nbsp;&nbsp;writedata
<LI><a href="#[55]">&gt;&gt;</a>&nbsp;&nbsp;&nbsp;writecommand
<LI><a href="#[53]">&gt;&gt;</a>&nbsp;&nbsp;&nbsp;commonInit
</UL>

<P><STRONG><a name="[61]"></a>IntEnable</STRONG> (Thumb, 92 bytes, Stack size 0 bytes, interrupt.o(i.IntEnable))
<BR><BR>[Called By]<UL><LI><a href="#[5c]">&gt;&gt;</a>&nbsp;&nbsp;&nbsp;Timer0A_Init
</UL>

<P><STRONG><a name="[60]"></a>IntRegister</STRONG> (Thumb, 44 bytes, Stack size 8 bytes, interrupt.o(i.IntRegister))
<BR><BR>[Stack]<UL><LI>Max Depth = 8<LI>Call Chain = IntRegister
</UL>
<BR>[Called By]<UL><LI><a href="#[5c]">&gt;&gt;</a>&nbsp;&nbsp;&nbsp;Timer0A_Init
</UL>

<P><STRONG><a name="[3d]"></a>LCD_Init</STRONG> (Thumb, 32 bytes, Stack size 8 bytes, lcd_tasks.o(i.LCD_Init))
<BR><BR>[Stack]<UL><LI>Max Depth = 96<LI>Call Chain = LCD_Init &rArr; ST7735_InitR &rArr; ST7735_FillScreen &rArr; ST7735_FillRect &rArr; setAddrWindow &rArr; writedata
</UL>
<BR>[Calls]<UL><LI><a href="#[40]">&gt;&gt;</a>&nbsp;&nbsp;&nbsp;ST7735_SetTextColor
<LI><a href="#[3f]">&gt;&gt;</a>&nbsp;&nbsp;&nbsp;ST7735_SetRotation
<LI><a href="#[3e]">&gt;&gt;</a>&nbsp;&nbsp;&nbsp;ST7735_InitR
<LI><a href="#[33]">&gt;&gt;</a>&nbsp;&nbsp;&nbsp;ST7735_FillScreen
</UL>
<BR>[Called By]<UL><LI><a href="#[7]">&gt;&gt;</a>&nbsp;&nbsp;&nbsp;main
</UL>

<P><STRONG><a name="[32]"></a>LCD_ShowImage</STRONG> (Thumb, 20 bytes, Stack size 8 bytes, lcd_tasks.o(i.LCD_ShowImage))
<BR><BR>[Stack]<UL><LI>Max Depth = 88<LI>Call Chain = LCD_ShowImage &rArr; ST7735_DrawBitmap &rArr; setAddrWindow &rArr; writedata
</UL>
<BR>[Calls]<UL><LI><a href="#[41]">&gt;&gt;</a>&nbsp;&nbsp;&nbsp;ST7735_DrawBitmap
</UL>
<BR>[Called By]<UL><LI><a href="#[2b]">&gt;&gt;</a>&nbsp;&nbsp;&nbsp;CMD_Run
</UL>

<P><STRONG><a name="[42]"></a>LCD_UpdateADCReadings</STRONG> (Thumb, 168 bytes, Stack size 48 bytes, lcd_tasks.o(i.LCD_UpdateADCReadings))
<BR><BR>[Stack]<UL><LI>Max Depth = 240<LI>Call Chain = LCD_UpdateADCReadings &rArr; ST7735_OutString &rArr; ST7735_OutChar &rArr; ST7735_DrawString &rArr; ST7735_DrawCharS &rArr; ST7735_FillRect &rArr; setAddrWindow &rArr; writedata
</UL>
<BR>[Calls]<UL><LI><a href="#[43]">&gt;&gt;</a>&nbsp;&nbsp;&nbsp;ST7735_SetCursor
<LI><a href="#[46]">&gt;&gt;</a>&nbsp;&nbsp;&nbsp;ST7735_OutString
<LI><a href="#[29]">&gt;&gt;</a>&nbsp;&nbsp;&nbsp;ADC_GetConversionTime
<LI><a href="#[44]">&gt;&gt;</a>&nbsp;&nbsp;&nbsp;ADC_GetChannelAvgVoltage
<LI><a href="#[45]">&gt;&gt;</a>&nbsp;&nbsp;&nbsp;__2sprintf
</UL>
<BR>[Called By]<UL><LI><a href="#[7]">&gt;&gt;</a>&nbsp;&nbsp;&nbsp;main
</UL>

<P><STRONG><a name="[47]"></a>LED_Blink</STRONG> (Thumb, 42 bytes, Stack size 8 bytes, gpio_tasks.o(i.LED_Blink))
<BR><BR>[Stack]<UL><LI>Max Depth = 20<LI>Call Chain = LED_Blink &rArr; SysCtlClockGet
</UL>
<BR>[Calls]<UL><LI><a href="#[13]">&gt;&gt;</a>&nbsp;&nbsp;&nbsp;SysCtlDelay
<LI><a href="#[49]">&gt;&gt;</a>&nbsp;&nbsp;&nbsp;GPIOPinWrite
<LI><a href="#[48]">&gt;&gt;</a>&nbsp;&nbsp;&nbsp;GPIOPinRead
<LI><a href="#[2a]">&gt;&gt;</a>&nbsp;&nbsp;&nbsp;SysCtlClockGet
</UL>
<BR>[Called By]<UL><LI><a href="#[7]">&gt;&gt;</a>&nbsp;&nbsp;&nbsp;main
</UL>

<P><STRONG><a name="[4a]"></a>LED_Init</STRONG> (Thumb, 32 bytes, Stack size 8 bytes, gpio_tasks.o(i.LED_Init))
<BR><BR>[Stack]<UL><LI>Max Depth = 56<LI>Call Chain = LED_Init &rArr; GPIOPinTypeGPIOOutput &rArr; GPIOPadConfigSet
</UL>
<BR>[Calls]<UL><LI><a href="#[3b]">&gt;&gt;</a>&nbsp;&nbsp;&nbsp;GPIOPinTypeGPIOOutput
<LI><a href="#[21]">&gt;&gt;</a>&nbsp;&nbsp;&nbsp;SysCtlPeripheralReady
<LI><a href="#[20]">&gt;&gt;</a>&nbsp;&nbsp;&nbsp;SysCtlPeripheralEnable
</UL>
<BR>[Called By]<UL><LI><a href="#[7]">&gt;&gt;</a>&nbsp;&nbsp;&nbsp;main
</UL>

<P><STRONG><a name="[72]"></a>SSIBusy</STRONG> (Thumb, 8 bytes, Stack size 0 bytes, ssi.o(i.SSIBusy))
<BR><BR>[Called By]<UL><LI><a href="#[4d]">&gt;&gt;</a>&nbsp;&nbsp;&nbsp;writedata
<LI><a href="#[55]">&gt;&gt;</a>&nbsp;&nbsp;&nbsp;writecommand
</UL>

<P><STRONG><a name="[6e]"></a>SSIConfigSetExpClk</STRONG> (Thumb, 58 bytes, Stack size 4 bytes, ssi.o(i.SSIConfigSetExpClk))
<BR><BR>[Stack]<UL><LI>Max Depth = 4<LI>Call Chain = SSIConfigSetExpClk
</UL>
<BR>[Called By]<UL><LI><a href="#[53]">&gt;&gt;</a>&nbsp;&nbsp;&nbsp;commonInit
</UL>

<P><STRONG><a name="[4b]"></a>SSIDataPut</STRONG> (Thumb, 12 bytes, Stack size 0 bytes, ssi.o(i.SSIDataPut))
<BR><BR>[Calls]<UL><LI><a href="#[4b]">&gt;&gt;</a>&nbsp;&nbsp;&nbsp;SSIDataPut
</UL>
<BR>[Called By]<UL><LI><a href="#[4b]">&gt;&gt;</a>&nbsp;&nbsp;&nbsp;SSIDataPut
<LI><a href="#[4d]">&gt;&gt;</a>&nbsp;&nbsp;&nbsp;writedata
<LI><a href="#[55]">&gt;&gt;</a>&nbsp;&nbsp;&nbsp;writecommand
</UL>

<P><STRONG><a name="[6f]"></a>SSIEnable</STRONG> (Thumb, 10 bytes, Stack size 0 bytes, ssi.o(i.SSIEnable))
<BR><BR>[Called By]<UL><LI><a href="#[53]">&gt;&gt;</a>&nbsp;&nbsp;&nbsp;commonInit
</UL>

<P><STRONG><a name="[41]"></a>ST7735_DrawBitmap</STRONG> (Thumb, 224 bytes, Stack size 40 bytes, st7735.o(i.ST7735_DrawBitmap))
<BR><BR>[Stack]<UL><LI>Max Depth = 80<LI>Call Chain = ST7735_DrawBitmap &rArr; setAddrWindow &rArr; writedata
</UL>
<BR>[Calls]<UL><LI><a href="#[4d]">&gt;&gt;</a>&nbsp;&nbsp;&nbsp;writedata
<LI><a href="#[4c]">&gt;&gt;</a>&nbsp;&nbsp;&nbsp;setAddrWindow
</UL>
<BR>[Called By]<UL><LI><a href="#[32]">&gt;&gt;</a>&nbsp;&nbsp;&nbsp;LCD_ShowImage
</UL>

<P><STRONG><a name="[4e]"></a>ST7735_DrawCharS</STRONG> (Thumb, 178 bytes, Stack size 48 bytes, st7735.o(i.ST7735_DrawCharS))
<BR><BR>[Stack]<UL><LI>Max Depth = 112<LI>Call Chain = ST7735_DrawCharS &rArr; ST7735_FillRect &rArr; setAddrWindow &rArr; writedata
</UL>
<BR>[Calls]<UL><LI><a href="#[4f]">&gt;&gt;</a>&nbsp;&nbsp;&nbsp;ST7735_FillRect
<LI><a href="#[50]">&gt;&gt;</a>&nbsp;&nbsp;&nbsp;ST7735_DrawPixel
</UL>
<BR>[Called By]<UL><LI><a href="#[56]">&gt;&gt;</a>&nbsp;&nbsp;&nbsp;ST7735_OutChar
<LI><a href="#[52]">&gt;&gt;</a>&nbsp;&nbsp;&nbsp;ST7735_DrawString
</UL>

<P><STRONG><a name="[50]"></a>ST7735_DrawPixel</STRONG> (Thumb, 54 bytes, Stack size 8 bytes, st7735.o(i.ST7735_DrawPixel))
<BR><BR>[Stack]<UL><LI>Max Depth = 48<LI>Call Chain = ST7735_DrawPixel &rArr; setAddrWindow &rArr; writedata
</UL>
<BR>[Calls]<UL><LI><a href="#[4c]">&gt;&gt;</a>&nbsp;&nbsp;&nbsp;setAddrWindow
<LI><a href="#[51]">&gt;&gt;</a>&nbsp;&nbsp;&nbsp;pushColor
</UL>
<BR>[Called By]<UL><LI><a href="#[4e]">&gt;&gt;</a>&nbsp;&nbsp;&nbsp;ST7735_DrawCharS
</UL>

<P><STRONG><a name="[52]"></a>ST7735_DrawString</STRONG> (Thumb, 82 bytes, Stack size 40 bytes, st7735.o(i.ST7735_DrawString))
<BR><BR>[Stack]<UL><LI>Max Depth = 152<LI>Call Chain = ST7735_DrawString &rArr; ST7735_DrawCharS &rArr; ST7735_FillRect &rArr; setAddrWindow &rArr; writedata
</UL>
<BR>[Calls]<UL><LI><a href="#[4e]">&gt;&gt;</a>&nbsp;&nbsp;&nbsp;ST7735_DrawCharS
</UL>
<BR>[Called By]<UL><LI><a href="#[56]">&gt;&gt;</a>&nbsp;&nbsp;&nbsp;ST7735_OutChar
</UL>

<P><STRONG><a name="[4f]"></a>ST7735_FillRect</STRONG> (Thumb, 116 bytes, Stack size 24 bytes, st7735.o(i.ST7735_FillRect))
<BR><BR>[Stack]<UL><LI>Max Depth = 64<LI>Call Chain = ST7735_FillRect &rArr; setAddrWindow &rArr; writedata
</UL>
<BR>[Calls]<UL><LI><a href="#[4d]">&gt;&gt;</a>&nbsp;&nbsp;&nbsp;writedata
<LI><a href="#[4c]">&gt;&gt;</a>&nbsp;&nbsp;&nbsp;setAddrWindow
</UL>
<BR>[Called By]<UL><LI><a href="#[33]">&gt;&gt;</a>&nbsp;&nbsp;&nbsp;ST7735_FillScreen
<LI><a href="#[4e]">&gt;&gt;</a>&nbsp;&nbsp;&nbsp;ST7735_DrawCharS
</UL>

<P><STRONG><a name="[33]"></a>ST7735_FillScreen</STRONG> (Thumb, 24 bytes, Stack size 8 bytes, st7735.o(i.ST7735_FillScreen))
<BR><BR>[Stack]<UL><LI>Max Depth = 72<LI>Call Chain = ST7735_FillScreen &rArr; ST7735_FillRect &rArr; setAddrWindow &rArr; writedata
</UL>
<BR>[Calls]<UL><LI><a href="#[4f]">&gt;&gt;</a>&nbsp;&nbsp;&nbsp;ST7735_FillRect
</UL>
<BR>[Called By]<UL><LI><a href="#[3e]">&gt;&gt;</a>&nbsp;&nbsp;&nbsp;ST7735_InitR
<LI><a href="#[3d]">&gt;&gt;</a>&nbsp;&nbsp;&nbsp;LCD_Init
<LI><a href="#[2b]">&gt;&gt;</a>&nbsp;&nbsp;&nbsp;CMD_Run
</UL>

<P><STRONG><a name="[3e]"></a>ST7735_InitR</STRONG> (Thumb, 94 bytes, Stack size 16 bytes, st7735.o(i.ST7735_InitR))
<BR><BR>[Stack]<UL><LI>Max Depth = 88<LI>Call Chain = ST7735_InitR &rArr; ST7735_FillScreen &rArr; ST7735_FillRect &rArr; setAddrWindow &rArr; writedata
</UL>
<BR>[Calls]<UL><LI><a href="#[43]">&gt;&gt;</a>&nbsp;&nbsp;&nbsp;ST7735_SetCursor
<LI><a href="#[33]">&gt;&gt;</a>&nbsp;&nbsp;&nbsp;ST7735_FillScreen
<LI><a href="#[4d]">&gt;&gt;</a>&nbsp;&nbsp;&nbsp;writedata
<LI><a href="#[55]">&gt;&gt;</a>&nbsp;&nbsp;&nbsp;writecommand
<LI><a href="#[53]">&gt;&gt;</a>&nbsp;&nbsp;&nbsp;commonInit
<LI><a href="#[54]">&gt;&gt;</a>&nbsp;&nbsp;&nbsp;commandList
</UL>
<BR>[Called By]<UL><LI><a href="#[3d]">&gt;&gt;</a>&nbsp;&nbsp;&nbsp;LCD_Init
</UL>

<P><STRONG><a name="[31]"></a>ST7735_Message</STRONG> (Thumb, 24 bytes, Stack size 8 bytes, st7735.o(i.ST7735_Message))
<BR><BR>[Stack]<UL><LI>Max Depth = 200<LI>Call Chain = ST7735_Message &rArr; ST7735_OutString &rArr; ST7735_OutChar &rArr; ST7735_DrawString &rArr; ST7735_DrawCharS &rArr; ST7735_FillRect &rArr; setAddrWindow &rArr; writedata
</UL>
<BR>[Calls]<UL><LI><a href="#[43]">&gt;&gt;</a>&nbsp;&nbsp;&nbsp;ST7735_SetCursor
<LI><a href="#[46]">&gt;&gt;</a>&nbsp;&nbsp;&nbsp;ST7735_OutString
</UL>
<BR>[Called By]<UL><LI><a href="#[2b]">&gt;&gt;</a>&nbsp;&nbsp;&nbsp;CMD_Run
</UL>

<P><STRONG><a name="[56]"></a>ST7735_OutChar</STRONG> (Thumb, 134 bytes, Stack size 32 bytes, st7735.o(i.ST7735_OutChar))
<BR><BR>[Stack]<UL><LI>Max Depth = 184<LI>Call Chain = ST7735_OutChar &rArr; ST7735_DrawString &rArr; ST7735_DrawCharS &rArr; ST7735_FillRect &rArr; setAddrWindow &rArr; writedata
</UL>
<BR>[Calls]<UL><LI><a href="#[52]">&gt;&gt;</a>&nbsp;&nbsp;&nbsp;ST7735_DrawString
<LI><a href="#[4e]">&gt;&gt;</a>&nbsp;&nbsp;&nbsp;ST7735_DrawCharS
</UL>
<BR>[Called By]<UL><LI><a href="#[46]">&gt;&gt;</a>&nbsp;&nbsp;&nbsp;ST7735_OutString
</UL>

<P><STRONG><a name="[46]"></a>ST7735_OutString</STRONG> (Thumb, 20 bytes, Stack size 8 bytes, st7735.o(i.ST7735_OutString))
<BR><BR>[Stack]<UL><LI>Max Depth = 192<LI>Call Chain = ST7735_OutString &rArr; ST7735_OutChar &rArr; ST7735_DrawString &rArr; ST7735_DrawCharS &rArr; ST7735_FillRect &rArr; setAddrWindow &rArr; writedata
</UL>
<BR>[Calls]<UL><LI><a href="#[56]">&gt;&gt;</a>&nbsp;&nbsp;&nbsp;ST7735_OutChar
</UL>
<BR>[Called By]<UL><LI><a href="#[31]">&gt;&gt;</a>&nbsp;&nbsp;&nbsp;ST7735_Message
<LI><a href="#[42]">&gt;&gt;</a>&nbsp;&nbsp;&nbsp;LCD_UpdateADCReadings
</UL>

<P><STRONG><a name="[43]"></a>ST7735_SetCursor</STRONG> (Thumb, 16 bytes, Stack size 0 bytes, st7735.o(i.ST7735_SetCursor))
<BR><BR>[Called By]<UL><LI><a href="#[31]">&gt;&gt;</a>&nbsp;&nbsp;&nbsp;ST7735_Message
<LI><a href="#[3e]">&gt;&gt;</a>&nbsp;&nbsp;&nbsp;ST7735_InitR
<LI><a href="#[42]">&gt;&gt;</a>&nbsp;&nbsp;&nbsp;LCD_UpdateADCReadings
</UL>

<P><STRONG><a name="[3f]"></a>ST7735_SetRotation</STRONG> (Thumb, 112 bytes, Stack size 16 bytes, st7735.o(i.ST7735_SetRotation))
<BR><BR>[Stack]<UL><LI>Max Depth = 32<LI>Call Chain = ST7735_SetRotation &rArr; writedata
</UL>
<BR>[Calls]<UL><LI><a href="#[4d]">&gt;&gt;</a>&nbsp;&nbsp;&nbsp;writedata
<LI><a href="#[55]">&gt;&gt;</a>&nbsp;&nbsp;&nbsp;writecommand
</UL>
<BR>[Called By]<UL><LI><a href="#[3d]">&gt;&gt;</a>&nbsp;&nbsp;&nbsp;LCD_Init
</UL>

<P><STRONG><a name="[40]"></a>ST7735_SetTextColor</STRONG> (Thumb, 6 bytes, Stack size 0 bytes, st7735.o(i.ST7735_SetTextColor))
<BR><BR>[Called By]<UL><LI><a href="#[3d]">&gt;&gt;</a>&nbsp;&nbsp;&nbsp;LCD_Init
</UL>

<P><STRONG><a name="[2a]"></a>SysCtlClockGet</STRONG> (Thumb, 304 bytes, Stack size 12 bytes, sysctl.o(i.SysCtlClockGet))
<BR><BR>[Stack]<UL><LI>Max Depth = 12<LI>Call Chain = SysCtlClockGet
</UL>
<BR>[Called By]<UL><LI><a href="#[29]">&gt;&gt;</a>&nbsp;&nbsp;&nbsp;ADC_GetConversionTime
<LI><a href="#[5c]">&gt;&gt;</a>&nbsp;&nbsp;&nbsp;Timer0A_Init
<LI><a href="#[47]">&gt;&gt;</a>&nbsp;&nbsp;&nbsp;LED_Blink
<LI><a href="#[34]">&gt;&gt;</a>&nbsp;&nbsp;&nbsp;ConfigureUART
<LI><a href="#[7]">&gt;&gt;</a>&nbsp;&nbsp;&nbsp;main
</UL>

<P><STRONG><a name="[20]"></a>SysCtlPeripheralEnable</STRONG> (Thumb, 36 bytes, Stack size 0 bytes, sysctl.o(i.SysCtlPeripheralEnable))
<BR><BR>[Called By]<UL><LI><a href="#[63]">&gt;&gt;</a>&nbsp;&nbsp;&nbsp;Timer3A_Init
<LI><a href="#[5c]">&gt;&gt;</a>&nbsp;&nbsp;&nbsp;Timer0A_Init
<LI><a href="#[4a]">&gt;&gt;</a>&nbsp;&nbsp;&nbsp;LED_Init
<LI><a href="#[34]">&gt;&gt;</a>&nbsp;&nbsp;&nbsp;ConfigureUART
<LI><a href="#[1f]">&gt;&gt;</a>&nbsp;&nbsp;&nbsp;ADC0_Init
<LI><a href="#[53]">&gt;&gt;</a>&nbsp;&nbsp;&nbsp;commonInit
</UL>

<P><STRONG><a name="[21]"></a>SysCtlPeripheralReady</STRONG> (Thumb, 40 bytes, Stack size 0 bytes, sysctl.o(i.SysCtlPeripheralReady))
<BR><BR>[Called By]<UL><LI><a href="#[63]">&gt;&gt;</a>&nbsp;&nbsp;&nbsp;Timer3A_Init
<LI><a href="#[5c]">&gt;&gt;</a>&nbsp;&nbsp;&nbsp;Timer0A_Init
<LI><a href="#[4a]">&gt;&gt;</a>&nbsp;&nbsp;&nbsp;LED_Init
<LI><a href="#[1f]">&gt;&gt;</a>&nbsp;&nbsp;&nbsp;ADC0_Init
<LI><a href="#[53]">&gt;&gt;</a>&nbsp;&nbsp;&nbsp;commonInit
</UL>

<P><STRONG><a name="[c]"></a>Timer0AIntHandler</STRONG> (Thumb, 110 bytes, Stack size 24 bytes, timer_tasks.o(i.Timer0AIntHandler))
<BR><BR>[Stack]<UL><LI>Max Depth = 24<LI>Call Chain = Timer0AIntHandler
</UL>
<BR>[Calls]<UL><LI><a href="#[58]">&gt;&gt;</a>&nbsp;&nbsp;&nbsp;TimerValueGet
<LI><a href="#[57]">&gt;&gt;</a>&nbsp;&nbsp;&nbsp;TimerIntClear
<LI><a href="#[5b]">&gt;&gt;</a>&nbsp;&nbsp;&nbsp;ADCSequenceDataGet
<LI><a href="#[59]">&gt;&gt;</a>&nbsp;&nbsp;&nbsp;ADCProcessorTrigger
<LI><a href="#[5a]">&gt;&gt;</a>&nbsp;&nbsp;&nbsp;ADCIntStatus
<LI><a href="#[26]">&gt;&gt;</a>&nbsp;&nbsp;&nbsp;ADCIntClear
</UL>
<BR>[Address Reference Count : 1]<UL><LI> timer_tasks.o(i.Timer0A_Init)
</UL>
<P><STRONG><a name="[5c]"></a>Timer0A_Init</STRONG> (Thumb, 84 bytes, Stack size 8 bytes, timer_tasks.o(i.Timer0A_Init))
<BR><BR>[Stack]<UL><LI>Max Depth = 20<LI>Call Chain = Timer0A_Init &rArr; SysCtlClockGet
</UL>
<BR>[Calls]<UL><LI><a href="#[5e]">&gt;&gt;</a>&nbsp;&nbsp;&nbsp;TimerLoadSet
<LI><a href="#[5f]">&gt;&gt;</a>&nbsp;&nbsp;&nbsp;TimerIntEnable
<LI><a href="#[62]">&gt;&gt;</a>&nbsp;&nbsp;&nbsp;TimerEnable
<LI><a href="#[5d]">&gt;&gt;</a>&nbsp;&nbsp;&nbsp;TimerConfigure
<LI><a href="#[60]">&gt;&gt;</a>&nbsp;&nbsp;&nbsp;IntRegister
<LI><a href="#[61]">&gt;&gt;</a>&nbsp;&nbsp;&nbsp;IntEnable
<LI><a href="#[21]">&gt;&gt;</a>&nbsp;&nbsp;&nbsp;SysCtlPeripheralReady
<LI><a href="#[20]">&gt;&gt;</a>&nbsp;&nbsp;&nbsp;SysCtlPeripheralEnable
<LI><a href="#[2a]">&gt;&gt;</a>&nbsp;&nbsp;&nbsp;SysCtlClockGet
</UL>
<BR>[Called By]<UL><LI><a href="#[7]">&gt;&gt;</a>&nbsp;&nbsp;&nbsp;main
</UL>

<P><STRONG><a name="[63]"></a>Timer3A_Init</STRONG> (Thumb, 54 bytes, Stack size 8 bytes, timer_tasks.o(i.Timer3A_Init))
<BR><BR>[Stack]<UL><LI>Max Depth = 12<LI>Call Chain = Timer3A_Init &rArr; TimerConfigure
</UL>
<BR>[Calls]<UL><LI><a href="#[5e]">&gt;&gt;</a>&nbsp;&nbsp;&nbsp;TimerLoadSet
<LI><a href="#[62]">&gt;&gt;</a>&nbsp;&nbsp;&nbsp;TimerEnable
<LI><a href="#[5d]">&gt;&gt;</a>&nbsp;&nbsp;&nbsp;TimerConfigure
<LI><a href="#[21]">&gt;&gt;</a>&nbsp;&nbsp;&nbsp;SysCtlPeripheralReady
<LI><a href="#[20]">&gt;&gt;</a>&nbsp;&nbsp;&nbsp;SysCtlPeripheralEnable
</UL>
<BR>[Called By]<UL><LI><a href="#[7]">&gt;&gt;</a>&nbsp;&nbsp;&nbsp;main
</UL>

<P><STRONG><a name="[5d]"></a>TimerConfigure</STRONG> (Thumb, 88 bytes, Stack size 4 bytes, timer.o(i.TimerConfigure))
<BR><BR>[Stack]<UL><LI>Max Depth = 4<LI>Call Chain = TimerConfigure
</UL>
<BR>[Called By]<UL><LI><a href="#[63]">&gt;&gt;</a>&nbsp;&nbsp;&nbsp;Timer3A_Init
<LI><a href="#[5c]">&gt;&gt;</a>&nbsp;&nbsp;&nbsp;Timer0A_Init
</UL>

<P><STRONG><a name="[62]"></a>TimerEnable</STRONG> (Thumb, 14 bytes, Stack size 0 bytes, timer.o(i.TimerEnable))
<BR><BR>[Called By]<UL><LI><a href="#[63]">&gt;&gt;</a>&nbsp;&nbsp;&nbsp;Timer3A_Init
<LI><a href="#[5c]">&gt;&gt;</a>&nbsp;&nbsp;&nbsp;Timer0A_Init
</UL>

<P><STRONG><a name="[57]"></a>TimerIntClear</STRONG> (Thumb, 4 bytes, Stack size 0 bytes, timer.o(i.TimerIntClear))
<BR><BR>[Called By]<UL><LI><a href="#[c]">&gt;&gt;</a>&nbsp;&nbsp;&nbsp;Timer0AIntHandler
</UL>

<P><STRONG><a name="[5f]"></a>TimerIntEnable</STRONG> (Thumb, 8 bytes, Stack size 0 bytes, timer.o(i.TimerIntEnable))
<BR><BR>[Called By]<UL><LI><a href="#[5c]">&gt;&gt;</a>&nbsp;&nbsp;&nbsp;Timer0A_Init
</UL>

<P><STRONG><a name="[5e]"></a>TimerLoadSet</STRONG> (Thumb, 18 bytes, Stack size 0 bytes, timer.o(i.TimerLoadSet))
<BR><BR>[Called By]<UL><LI><a href="#[63]">&gt;&gt;</a>&nbsp;&nbsp;&nbsp;Timer3A_Init
<LI><a href="#[5c]">&gt;&gt;</a>&nbsp;&nbsp;&nbsp;Timer0A_Init
</UL>

<P><STRONG><a name="[58]"></a>TimerValueGet</STRONG> (Thumb, 10 bytes, Stack size 0 bytes, timer.o(i.TimerValueGet))
<BR><BR>[Called By]<UL><LI><a href="#[c]">&gt;&gt;</a>&nbsp;&nbsp;&nbsp;Timer0AIntHandler
</UL>

<P><STRONG><a name="[2f]"></a>Timer_SetADCChannel</STRONG> (Thumb, 14 bytes, Stack size 0 bytes, timer_tasks.o(i.Timer_SetADCChannel))
<BR><BR>[Stack]<UL><LI>Max Depth = 20<LI>Call Chain = Timer_SetADCChannel &rArr; ADC0_SetChannel &rArr; ADCSequenceStepConfigure
</UL>
<BR>[Calls]<UL><LI><a href="#[27]">&gt;&gt;</a>&nbsp;&nbsp;&nbsp;ADC0_SetChannel
</UL>
<BR>[Called By]<UL><LI><a href="#[2b]">&gt;&gt;</a>&nbsp;&nbsp;&nbsp;CMD_Run
</UL>

<P><STRONG><a name="[64]"></a>UARTCharGet</STRONG> (Thumb, 12 bytes, Stack size 0 bytes, uart.o(i.UARTCharGet))
<BR><BR>[Calls]<UL><LI><a href="#[64]">&gt;&gt;</a>&nbsp;&nbsp;&nbsp;UARTCharGet
</UL>
<BR>[Called By]<UL><LI><a href="#[64]">&gt;&gt;</a>&nbsp;&nbsp;&nbsp;UARTCharGet
<LI><a href="#[65]">&gt;&gt;</a>&nbsp;&nbsp;&nbsp;UART_CommandAvailable
</UL>

<P><STRONG><a name="[66]"></a>UARTCharsAvail</STRONG> (Thumb, 10 bytes, Stack size 0 bytes, uart.o(i.UARTCharsAvail))
<BR><BR>[Called By]<UL><LI><a href="#[65]">&gt;&gt;</a>&nbsp;&nbsp;&nbsp;UART_CommandAvailable
</UL>

<P><STRONG><a name="[37]"></a>UARTClockSourceSet</STRONG> (Thumb, 6 bytes, Stack size 0 bytes, uart.o(i.UARTClockSourceSet))
<BR><BR>[Called By]<UL><LI><a href="#[34]">&gt;&gt;</a>&nbsp;&nbsp;&nbsp;ConfigureUART
</UL>

<P><STRONG><a name="[38]"></a>UARTStdioConfig</STRONG> (Thumb, 82 bytes, Stack size 32 bytes, uartstdio.o(i.UARTStdioConfig))
<BR><BR>[Stack]<UL><LI>Max Depth = 32<LI>Call Chain = UARTStdioConfig
</UL>
<BR>[Called By]<UL><LI><a href="#[34]">&gt;&gt;</a>&nbsp;&nbsp;&nbsp;ConfigureUART
</UL>

<P><STRONG><a name="[65]"></a>UART_CommandAvailable</STRONG> (Thumb, 62 bytes, Stack size 16 bytes, uart_tasks.o(i.UART_CommandAvailable))
<BR><BR>[Stack]<UL><LI>Max Depth = 16<LI>Call Chain = UART_CommandAvailable
</UL>
<BR>[Calls]<UL><LI><a href="#[66]">&gt;&gt;</a>&nbsp;&nbsp;&nbsp;UARTCharsAvail
<LI><a href="#[64]">&gt;&gt;</a>&nbsp;&nbsp;&nbsp;UARTCharGet
</UL>
<BR>[Called By]<UL><LI><a href="#[7]">&gt;&gt;</a>&nbsp;&nbsp;&nbsp;main
</UL>

<P><STRONG><a name="[67]"></a>UART_ReadCommand</STRONG> (Thumb, 24 bytes, Stack size 16 bytes, uart_tasks.o(i.UART_ReadCommand))
<BR><BR>[Stack]<UL><LI>Max Depth = 16<LI>Call Chain = UART_ReadCommand
</UL>
<BR>[Calls]<UL><LI><a href="#[68]">&gt;&gt;</a>&nbsp;&nbsp;&nbsp;strcpy
</UL>
<BR>[Called By]<UL><LI><a href="#[7]">&gt;&gt;</a>&nbsp;&nbsp;&nbsp;main
</UL>

<P><STRONG><a name="[2e]"></a>UARTprintf</STRONG> (Thumb, 18 bytes, Stack size 24 bytes, uartstdio.o(i.UARTprintf))
<BR><BR>[Stack]<UL><LI>Max Depth = 104<LI>Call Chain = UARTprintf &rArr; UARTvprintf &rArr; UARTwrite
</UL>
<BR>[Calls]<UL><LI><a href="#[69]">&gt;&gt;</a>&nbsp;&nbsp;&nbsp;UARTvprintf
</UL>
<BR>[Called By]<UL><LI><a href="#[2b]">&gt;&gt;</a>&nbsp;&nbsp;&nbsp;CMD_Run
<LI><a href="#[7]">&gt;&gt;</a>&nbsp;&nbsp;&nbsp;main
</UL>

<P><STRONG><a name="[69]"></a>UARTvprintf</STRONG> (Thumb, 420 bytes, Stack size 56 bytes, uartstdio.o(i.UARTvprintf))
<BR><BR>[Stack]<UL><LI>Max Depth = 80<LI>Call Chain = UARTvprintf &rArr; UARTwrite
</UL>
<BR>[Calls]<UL><LI><a href="#[6a]">&gt;&gt;</a>&nbsp;&nbsp;&nbsp;UARTwrite
</UL>
<BR>[Called By]<UL><LI><a href="#[2e]">&gt;&gt;</a>&nbsp;&nbsp;&nbsp;UARTprintf
</UL>

<P><STRONG><a name="[6a]"></a>UARTwrite</STRONG> (Thumb, 60 bytes, Stack size 24 bytes, uartstdio.o(i.UARTwrite))
<BR><BR>[Stack]<UL><LI>Max Depth = 24<LI>Call Chain = UARTwrite
</UL>
<BR>[Called By]<UL><LI><a href="#[69]">&gt;&gt;</a>&nbsp;&nbsp;&nbsp;UARTvprintf
</UL>

<P><STRONG><a name="[6b]"></a>__0sprintf$4</STRONG> (Thumb, 34 bytes, Stack size 24 bytes, printf4.o(i.__0sprintf$4), UNUSED)
<BR><BR>[Calls]<UL><LI><a href="#[d]">&gt;&gt;</a>&nbsp;&nbsp;&nbsp;_sputc
<LI><a href="#[6c]">&gt;&gt;</a>&nbsp;&nbsp;&nbsp;_printf_core
</UL>

<P><STRONG><a name="[84]"></a>__1sprintf$4</STRONG> (Thumb, 0 bytes, Stack size 24 bytes, printf4.o(i.__0sprintf$4), UNUSED)

<P><STRONG><a name="[45]"></a>__2sprintf</STRONG> (Thumb, 0 bytes, Stack size 24 bytes, printf4.o(i.__0sprintf$4))
<BR><BR>[Stack]<UL><LI>Max Depth = 24<LI>Call Chain = __2sprintf
</UL>
<BR>[Called By]<UL><LI><a href="#[42]">&gt;&gt;</a>&nbsp;&nbsp;&nbsp;LCD_UpdateADCReadings
</UL>

<P><STRONG><a name="[85]"></a>__scatterload_copy</STRONG> (Thumb, 14 bytes, Stack size unknown bytes, handlers.o(i.__scatterload_copy), UNUSED)

<P><STRONG><a name="[86]"></a>__scatterload_null</STRONG> (Thumb, 2 bytes, Stack size unknown bytes, handlers.o(i.__scatterload_null), UNUSED)

<P><STRONG><a name="[87]"></a>__scatterload_zeroinit</STRONG> (Thumb, 14 bytes, Stack size unknown bytes, handlers.o(i.__scatterload_zeroinit), UNUSED)

<P><STRONG><a name="[7]"></a>main</STRONG> (Thumb, 118 bytes, Stack size 64 bytes, freertos_demo.o(i.main))
<BR><BR>[Stack]<UL><LI>Max Depth = 344<LI>Call Chain = main &rArr; CMD_Run &rArr; __0sscanf &rArr; __vfscanf_char &rArr; __vfscanf &rArr; _scanf_string
</UL>
<BR>[Calls]<UL><LI><a href="#[2e]">&gt;&gt;</a>&nbsp;&nbsp;&nbsp;UARTprintf
<LI><a href="#[67]">&gt;&gt;</a>&nbsp;&nbsp;&nbsp;UART_ReadCommand
<LI><a href="#[65]">&gt;&gt;</a>&nbsp;&nbsp;&nbsp;UART_CommandAvailable
<LI><a href="#[63]">&gt;&gt;</a>&nbsp;&nbsp;&nbsp;Timer3A_Init
<LI><a href="#[5c]">&gt;&gt;</a>&nbsp;&nbsp;&nbsp;Timer0A_Init
<LI><a href="#[2a]">&gt;&gt;</a>&nbsp;&nbsp;&nbsp;SysCtlClockGet
<LI><a href="#[4a]">&gt;&gt;</a>&nbsp;&nbsp;&nbsp;LED_Init
<LI><a href="#[47]">&gt;&gt;</a>&nbsp;&nbsp;&nbsp;LED_Blink
<LI><a href="#[42]">&gt;&gt;</a>&nbsp;&nbsp;&nbsp;LCD_UpdateADCReadings
<LI><a href="#[3d]">&gt;&gt;</a>&nbsp;&nbsp;&nbsp;LCD_Init
<LI><a href="#[34]">&gt;&gt;</a>&nbsp;&nbsp;&nbsp;ConfigureUART
<LI><a href="#[2b]">&gt;&gt;</a>&nbsp;&nbsp;&nbsp;CMD_Run
<LI><a href="#[1f]">&gt;&gt;</a>&nbsp;&nbsp;&nbsp;ADC0_Init
<LI><a href="#[70]">&gt;&gt;</a>&nbsp;&nbsp;&nbsp;DelayWait10ms
</UL>
<BR>[Address Reference Count : 1]<UL><LI> entry9a.o(.ARM.Collect$$$$0000000B)
</UL>
<P><STRONG><a name="[71]"></a>vApplicationStackOverflowHook</STRONG> (Thumb, 2 bytes, Stack size 0 bytes, freertos_demo.o(i.vApplicationStackOverflowHook))
<BR><BR>[Calls]<UL><LI><a href="#[71]">&gt;&gt;</a>&nbsp;&nbsp;&nbsp;vApplicationStackOverflowHook
</UL>
<BR>[Called By]<UL><LI><a href="#[71]">&gt;&gt;</a>&nbsp;&nbsp;&nbsp;vApplicationStackOverflowHook
<LI><a href="#[12]">&gt;&gt;</a>&nbsp;&nbsp;&nbsp;vTaskSwitchContext
</UL>

<P><STRONG><a name="[12]"></a>vTaskSwitchContext</STRONG> (Thumb, 104 bytes, Stack size 8 bytes, tasks.o(i.vTaskSwitchContext))
<BR><BR>[Stack]<UL><LI>Max Depth = 8<LI>Call Chain = vTaskSwitchContext
</UL>
<BR>[Calls]<UL><LI><a href="#[71]">&gt;&gt;</a>&nbsp;&nbsp;&nbsp;vApplicationStackOverflowHook
</UL>
<BR>[Called By]<UL><LI><a href="#[5]">&gt;&gt;</a>&nbsp;&nbsp;&nbsp;xPortPendSVHandler
</UL>

<P><STRONG><a name="[6]"></a>xPortSysTickHandler</STRONG> (Thumb, 38 bytes, Stack size 8 bytes, port.o(i.xPortSysTickHandler))
<BR><BR>[Stack]<UL><LI>Max Depth = 32<LI>Call Chain = xPortSysTickHandler &rArr; xTaskIncrementTick
</UL>
<BR>[Calls]<UL><LI><a href="#[73]">&gt;&gt;</a>&nbsp;&nbsp;&nbsp;xTaskIncrementTick
</UL>
<BR>[Address Reference Count : 1]<UL><LI> startup_rvmdk.o(RESET)
</UL>
<P><STRONG><a name="[73]"></a>xTaskIncrementTick</STRONG> (Thumb, 264 bytes, Stack size 24 bytes, tasks.o(i.xTaskIncrementTick))
<BR><BR>[Stack]<UL><LI>Max Depth = 24<LI>Call Chain = xTaskIncrementTick
</UL>
<BR>[Calls]<UL><LI><a href="#[74]">&gt;&gt;</a>&nbsp;&nbsp;&nbsp;prvResetNextTaskUnblockTime
</UL>
<BR>[Called By]<UL><LI><a href="#[6]">&gt;&gt;</a>&nbsp;&nbsp;&nbsp;xPortSysTickHandler
</UL>
<P>
<H3>
Local Symbols
</H3>
<P><STRONG><a name="[1]"></a>NmiSR</STRONG> (Thumb, 0 bytes, Stack size unknown bytes, startup_rvmdk.o(RESET))
<BR><BR>[Calls]<UL><LI><a href="#[1]">&gt;&gt;</a>&nbsp;&nbsp;&nbsp;NmiSR
</UL>
<BR>[Called By]<UL><LI><a href="#[1]">&gt;&gt;</a>&nbsp;&nbsp;&nbsp;NmiSR
</UL>
<BR>[Address Reference Count : 1]<UL><LI> startup_rvmdk.o(RESET)
</UL>
<P><STRONG><a name="[2]"></a>FaultISR</STRONG> (Thumb, 0 bytes, Stack size unknown bytes, startup_rvmdk.o(RESET))
<BR><BR>[Calls]<UL><LI><a href="#[2]">&gt;&gt;</a>&nbsp;&nbsp;&nbsp;FaultISR
</UL>
<BR>[Called By]<UL><LI><a href="#[2]">&gt;&gt;</a>&nbsp;&nbsp;&nbsp;FaultISR
</UL>
<BR>[Address Reference Count : 1]<UL><LI> startup_rvmdk.o(RESET)
</UL>
<P><STRONG><a name="[3]"></a>IntDefaultHandler</STRONG> (Thumb, 0 bytes, Stack size unknown bytes, startup_rvmdk.o(RESET))
<BR><BR>[Calls]<UL><LI><a href="#[3]">&gt;&gt;</a>&nbsp;&nbsp;&nbsp;IntDefaultHandler
</UL>
<BR>[Called By]<UL><LI><a href="#[3]">&gt;&gt;</a>&nbsp;&nbsp;&nbsp;IntDefaultHandler
</UL>
<BR>[Address Reference Count : 1]<UL><LI> startup_rvmdk.o(RESET)
</UL>
<P><STRONG><a name="[74]"></a>prvResetNextTaskUnblockTime</STRONG> (Thumb, 24 bytes, Stack size 0 bytes, tasks.o(i.prvResetNextTaskUnblockTime))
<BR><BR>[Called By]<UL><LI><a href="#[73]">&gt;&gt;</a>&nbsp;&nbsp;&nbsp;xTaskIncrementTick
</UL>

<P><STRONG><a name="[54]"></a>commandList</STRONG> (Thumb, 74 bytes, Stack size 24 bytes, st7735.o(i.commandList))
<BR><BR>[Stack]<UL><LI>Max Depth = 40<LI>Call Chain = commandList &rArr; writedata
</UL>
<BR>[Calls]<UL><LI><a href="#[6d]">&gt;&gt;</a>&nbsp;&nbsp;&nbsp;Delay1ms
<LI><a href="#[4d]">&gt;&gt;</a>&nbsp;&nbsp;&nbsp;writedata
<LI><a href="#[55]">&gt;&gt;</a>&nbsp;&nbsp;&nbsp;writecommand
</UL>
<BR>[Called By]<UL><LI><a href="#[3e]">&gt;&gt;</a>&nbsp;&nbsp;&nbsp;ST7735_InitR
<LI><a href="#[53]">&gt;&gt;</a>&nbsp;&nbsp;&nbsp;commonInit
</UL>

<P><STRONG><a name="[53]"></a>commonInit</STRONG> (Thumb, 188 bytes, Stack size 24 bytes, st7735.o(i.commonInit))
<BR><BR>[Stack]<UL><LI>Max Depth = 72<LI>Call Chain = commonInit &rArr; GPIOPinTypeGPIOOutput &rArr; GPIOPadConfigSet
</UL>
<BR>[Calls]<UL><LI><a href="#[35]">&gt;&gt;</a>&nbsp;&nbsp;&nbsp;GPIOPinConfigure
<LI><a href="#[49]">&gt;&gt;</a>&nbsp;&nbsp;&nbsp;GPIOPinWrite
<LI><a href="#[3b]">&gt;&gt;</a>&nbsp;&nbsp;&nbsp;GPIOPinTypeGPIOOutput
<LI><a href="#[21]">&gt;&gt;</a>&nbsp;&nbsp;&nbsp;SysCtlPeripheralReady
<LI><a href="#[20]">&gt;&gt;</a>&nbsp;&nbsp;&nbsp;SysCtlPeripheralEnable
<LI><a href="#[6f]">&gt;&gt;</a>&nbsp;&nbsp;&nbsp;SSIEnable
<LI><a href="#[6e]">&gt;&gt;</a>&nbsp;&nbsp;&nbsp;SSIConfigSetExpClk
<LI><a href="#[3c]">&gt;&gt;</a>&nbsp;&nbsp;&nbsp;GPIOPinTypeSSI
<LI><a href="#[6d]">&gt;&gt;</a>&nbsp;&nbsp;&nbsp;Delay1ms
<LI><a href="#[54]">&gt;&gt;</a>&nbsp;&nbsp;&nbsp;commandList
</UL>
<BR>[Called By]<UL><LI><a href="#[3e]">&gt;&gt;</a>&nbsp;&nbsp;&nbsp;ST7735_InitR
</UL>

<P><STRONG><a name="[51]"></a>pushColor</STRONG> (Thumb, 20 bytes, Stack size 8 bytes, st7735.o(i.pushColor))
<BR><BR>[Stack]<UL><LI>Max Depth = 24<LI>Call Chain = pushColor &rArr; writedata
</UL>
<BR>[Calls]<UL><LI><a href="#[4d]">&gt;&gt;</a>&nbsp;&nbsp;&nbsp;writedata
</UL>
<BR>[Called By]<UL><LI><a href="#[50]">&gt;&gt;</a>&nbsp;&nbsp;&nbsp;ST7735_DrawPixel
</UL>

<P><STRONG><a name="[4c]"></a>setAddrWindow</STRONG> (Thumb, 102 bytes, Stack size 24 bytes, st7735.o(i.setAddrWindow))
<BR><BR>[Stack]<UL><LI>Max Depth = 40<LI>Call Chain = setAddrWindow &rArr; writedata
</UL>
<BR>[Calls]<UL><LI><a href="#[4d]">&gt;&gt;</a>&nbsp;&nbsp;&nbsp;writedata
<LI><a href="#[55]">&gt;&gt;</a>&nbsp;&nbsp;&nbsp;writecommand
</UL>
<BR>[Called By]<UL><LI><a href="#[41]">&gt;&gt;</a>&nbsp;&nbsp;&nbsp;ST7735_DrawBitmap
<LI><a href="#[4f]">&gt;&gt;</a>&nbsp;&nbsp;&nbsp;ST7735_FillRect
<LI><a href="#[50]">&gt;&gt;</a>&nbsp;&nbsp;&nbsp;ST7735_DrawPixel
</UL>

<P><STRONG><a name="[55]"></a>writecommand</STRONG> (Thumb, 48 bytes, Stack size 16 bytes, st7735.o(i.writecommand))
<BR><BR>[Stack]<UL><LI>Max Depth = 16<LI>Call Chain = writecommand
</UL>
<BR>[Calls]<UL><LI><a href="#[49]">&gt;&gt;</a>&nbsp;&nbsp;&nbsp;GPIOPinWrite
<LI><a href="#[4b]">&gt;&gt;</a>&nbsp;&nbsp;&nbsp;SSIDataPut
<LI><a href="#[72]">&gt;&gt;</a>&nbsp;&nbsp;&nbsp;SSIBusy
</UL>
<BR>[Called By]<UL><LI><a href="#[3f]">&gt;&gt;</a>&nbsp;&nbsp;&nbsp;ST7735_SetRotation
<LI><a href="#[3e]">&gt;&gt;</a>&nbsp;&nbsp;&nbsp;ST7735_InitR
<LI><a href="#[4c]">&gt;&gt;</a>&nbsp;&nbsp;&nbsp;setAddrWindow
<LI><a href="#[54]">&gt;&gt;</a>&nbsp;&nbsp;&nbsp;commandList
</UL>

<P><STRONG><a name="[4d]"></a>writedata</STRONG> (Thumb, 48 bytes, Stack size 16 bytes, st7735.o(i.writedata))
<BR><BR>[Stack]<UL><LI>Max Depth = 16<LI>Call Chain = writedata
</UL>
<BR>[Calls]<UL><LI><a href="#[49]">&gt;&gt;</a>&nbsp;&nbsp;&nbsp;GPIOPinWrite
<LI><a href="#[4b]">&gt;&gt;</a>&nbsp;&nbsp;&nbsp;SSIDataPut
<LI><a href="#[72]">&gt;&gt;</a>&nbsp;&nbsp;&nbsp;SSIBusy
</UL>
<BR>[Called By]<UL><LI><a href="#[3f]">&gt;&gt;</a>&nbsp;&nbsp;&nbsp;ST7735_SetRotation
<LI><a href="#[3e]">&gt;&gt;</a>&nbsp;&nbsp;&nbsp;ST7735_InitR
<LI><a href="#[41]">&gt;&gt;</a>&nbsp;&nbsp;&nbsp;ST7735_DrawBitmap
<LI><a href="#[4f]">&gt;&gt;</a>&nbsp;&nbsp;&nbsp;ST7735_FillRect
<LI><a href="#[4c]">&gt;&gt;</a>&nbsp;&nbsp;&nbsp;setAddrWindow
<LI><a href="#[51]">&gt;&gt;</a>&nbsp;&nbsp;&nbsp;pushColor
<LI><a href="#[54]">&gt;&gt;</a>&nbsp;&nbsp;&nbsp;commandList
</UL>

<P><STRONG><a name="[6c]"></a>_printf_core</STRONG> (Thumb, 552 bytes, Stack size 96 bytes, printf4.o(i._printf_core), UNUSED)
<BR><BR>[Calls]<UL><LI><a href="#[18]">&gt;&gt;</a>&nbsp;&nbsp;&nbsp;__aeabi_uldivmod
</UL>
<BR>[Called By]<UL><LI><a href="#[6b]">&gt;&gt;</a>&nbsp;&nbsp;&nbsp;__0sprintf$4
</UL>

<P><STRONG><a name="[d]"></a>_sputc</STRONG> (Thumb, 10 bytes, Stack size 0 bytes, printf4.o(i._sputc))
<BR><BR>[Called By]<UL><LI><a href="#[6b]">&gt;&gt;</a>&nbsp;&nbsp;&nbsp;__0sprintf$4
</UL>
<BR>[Address Reference Count : 1]<UL><LI> printf4.o(i.__0sprintf$4)
</UL>
<P><STRONG><a name="[a]"></a>_scanf_char_input</STRONG> (Thumb, 12 bytes, Stack size 0 bytes, scanf_char.o(.text))
<BR>[Address Reference Count : 1]<UL><LI> scanf_char.o(.text)
</UL><P>
<H3>
Undefined Global Symbols
</H3><HR></body></html>
